GAMS 49.1.0  5c4d4ed6 Feb 15, 2025          WEX-WEI x86 64bit/MS Windows - 04/30/25 14:09:47 Page 1
G e n e r a l   A l g e b r a i c   M o d e l i n g   S y s t e m
C o m p i l a t i o n


   3  set i /1 * 4/; #riadky x
   4  set j /1 * 4/; #stlpce y
   5  set s /1 * 3/; #scenare s
   6  alias(s,s1);
   7  scalar EzEV, varzEV, szEV;
   8  parameter
   9      b_UP /1 4000,2 3000,3 4500,4 3000/, #Horna hranica suctu v riadku
  10      b_DOWN /1 1000,2 1500,3 3000,4 800/, #Dolna hranica suctu v riadku
  11      x_UP /1 100,2 100,3 100/, # Horna hranica x
  12      x_DOWN /1 20,2 40,3 20/, # Dolna hranica x
  13      p(s) /1 0.35,2 0.35,3 0.3/,
  14      c(j) /1 145, 2 150, 3 147, 4 143/,
  15      as(i,j,s),
  16      zEVmax(s),
  17      xEVmax(j,s);
  18  table a(i,j)
  19      1   2   3   4
  20  1   30  28  27  20
  21  2   22  23  21  21
  22  3   31  34  34  23
  23  4   24  20  24  20;
  24  *-------------------------
  25  *Large Data Creation
  26  *-------------------------
  27  as(i,j,s) = uniform(15,30);
  28  p(s) = uniform(0,1);
  29  p(s) = p(s)/sum(s1,p(s1));
  30  *--------------------------
  31  display as;
  32  Variable z;
  33  Positive Variables x(j);
  34  Equations ucelfce, omez0(i), omez1(i), omez2(j), omez3(j);
  35  ucelfce..           z =E= sum(j,c(j) * x(j));
  36  omez0(i)..          sum( j,a(i,j) * x(j)) =L= b_UP(i);
  37  omez1(i)..          sum( j,a(i,j) * x(j)) =G= b_DOWN(i);
  38  omez2(j)..          x(j) =L= x_UP(j);
  39  omez3(j)..          x(j) =G= x_DOWN(j);
  40  model vyroba / ucelfce, omez0, omez1, omez2, omez3 /;
  41  solve vyroba maximizing z using LP;
  42  display z.L, x.L;
  43  file out / "vysledky.txt" /;
  44  put out;
  45  put "Vysledky a vstupy:" /;
  46  put "==================" / /;
  47  put "s":3, "p(s)":6, "opt?":7, "num?":7, "z_max":12;
  48  loop(j, put "x(" , j.tl:0 , ")":10;);
  49  loop(i, put "b_UP(" , i.tl:0 , ")":10;);
  50  loop(i, put "b_DN(" , i.tl:0 , ")":10;);
  51  loop(j, put "x_UP(" , j.tl:0 , ")":10;);
  52  loop(j, put "x_DN(" , j.tl:0 , ")":10;);
  53  loop(i, loop(j, put "a(" , i.tl:0 , "," , j.tl:0 , ")":10;););
  54  put /;
  55  * ---------- Expected-value row (base LP) ----------
  56  put "EV":3, "":1, vyroba.modelstat:7:0, vyroba.solvestat:7:0, z.l:12:2;
  57  loop(j,
  58      put x.l(j):10:2;
  59      put "":2
  60      put$(ord(j)=1) "":1;
  61      put$(ord(j)=2) "":1;
  62  );
  63   
  64  loop(i,
  65      put b_UP(i):13:2;
  66      put$(ord(i)=1) "":3;
  67      put$(ord(i)=2) "":3;
  68      put$(ord(i)=3) "":3;
  69  );
  70   
  71  loop(i,put b_DOWN(i):16:2;);
  72  loop(j,put x_UP(j):16:2;);
  73  loop(j,put x_DOWN(j):16:2;);
  74  loop(i,loop(j,put a(i,j):15:2;););
  75  put /;
  76   
  77  #To Find the current value of X and cap the fucker
  78  x.Lo(j) = x.L(j);
  79  x.Up(j) = x.L(j);
  80   
  81  loop(s,
  82      a(i,j) = as(i,j,s)
  83      solve vyroba maximizing z using LP;
  84      display z.L, x.L;
  85      zEVmax(s) = z.L;
  86      If((vyroba.modelstat EQ 4) OR (vyroba.modelstat EQ 19), zEVmax(s) = -INF;);
  87      put s.tl:3, p(s):5:3, vyroba.modelstat:3:0, vyroba.solvestat:7:0, z.L:11:2;
  88      loop(j,
  89          put x.L(j):11:2;
  90          put "":1;
  91          put$(ord(j)=1) "":1;
  92          put$(ord(j)=2) "":1;
  93      );
  94      loop(i,
  95          put b_UP(i):14:2;
  96          put$(ord(i)=1) "":2;
  97          put$(ord(i)=2) "":2;
  98          put$(ord(i)=3) "":2;
  99      );
 100      loop(i, put b_DOWN(i):16:2;);
 101      loop(j, put x_UP(j):16:2;);
 102      loop(j, put x_DOWN(j):16:2;);
 103      loop(i, loop(j, put a(i,j):15:2;););
 104      put /;
 105  );
 106   
 107  * ---------- risk measures ----------
 108  EzEV   = sum(s,p(s) * zEVmax(s) );
 109  put "EzEV   = ", EzEV:12:2 /;
 110  If(EzEV GT -INF,varzEV = sum(s,p(s) * zEVmax(s) * zEVmax(s) ) - EzEV * EzEV;);
 111  If(EzEV EQ -INF,varzEV = UNDF;);
 112  put "varzEV = ", varzEV:12:2 /;
 113  szEV   = sqrt(varzEV);
 114  put "stdzEV = ", szEV:12:2 /;


COMPILATION TIME     =        0.000 SECONDS      3 MB  49.1.0 5c4d4ed6 WEX-WEI
GAMS 49.1.0  5c4d4ed6 Feb 15, 2025          WEX-WEI x86 64bit/MS Windows - 04/30/25 14:09:47 Page 2
G e n e r a l   A l g e b r a i c   M o d e l i n g   S y s t e m
E x e c u t i o n


----     31 PARAMETER as  

              1           2           3

1.1      17.576      27.649      23.256
1.2      19.517      19.383      18.361
1.3      20.247      27.844      16.007
1.4      22.503      29.972      23.681
2.1      29.867      26.434      16.960
2.2      24.596      17.393      18.751
2.3      25.034      21.530      20.396
2.4      20.272      16.972      17.252
3.1      23.837      27.463      18.462
3.2      24.986      26.638      19.555
3.3      16.657      22.536      17.403
3.4      28.087      18.977      19.287
4.1      23.909      25.841      24.424
4.2      21.957      21.200      16.765
4.3      19.713      15.698      20.078
4.4      17.731      24.686      23.411

GAMS 49.1.0  5c4d4ed6 Feb 15, 2025          WEX-WEI x86 64bit/MS Windows - 04/30/25 14:09:47 Page 3
G e n e r a l   A l g e b r a i c   M o d e l i n g   S y s t e m
Equation Listing    SOLVE vyroba Using LP From line 41


---- ucelfce  =E=  

ucelfce..  z - 145*x(1) - 150*x(2) - 147*x(3) - 143*x(4) =E= 0 ; (LHS = 0)
     

---- omez0  =L=  

omez0(1)..  30*x(1) + 28*x(2) + 27*x(3) + 20*x(4) =L= 4000 ; (LHS = 0)
     
omez0(2)..  22*x(1) + 23*x(2) + 21*x(3) + 21*x(4) =L= 3000 ; (LHS = 0)
     
omez0(3)..  31*x(1) + 34*x(2) + 34*x(3) + 23*x(4) =L= 4500 ; (LHS = 0)
     
REMAINING ENTRY SKIPPED


---- omez1  =G=  

omez1(1)..  30*x(1) + 28*x(2) + 27*x(3) + 20*x(4) =G= 1000 ; (LHS = 0, INFES = 1000 ****)
     
omez1(2)..  22*x(1) + 23*x(2) + 21*x(3) + 21*x(4) =G= 1500 ; (LHS = 0, INFES = 1500 ****)
     
omez1(3)..  31*x(1) + 34*x(2) + 34*x(3) + 23*x(4) =G= 3000 ; (LHS = 0, INFES = 3000 ****)
     
REMAINING ENTRY SKIPPED


---- omez2  =L=  

omez2(1)..  x(1) =L= 100 ; (LHS = 0)
     
omez2(2)..  x(2) =L= 100 ; (LHS = 0)
     
omez2(3)..  x(3) =L= 100 ; (LHS = 0)
     
REMAINING ENTRY SKIPPED


---- omez3  =G=  

omez3(1)..  x(1) =G= 20 ; (LHS = 0, INFES = 20 ****)
     
omez3(2)..  x(2) =G= 40 ; (LHS = 0, INFES = 40 ****)
     
omez3(3)..  x(3) =G= 20 ; (LHS = 0, INFES = 20 ****)
     
REMAINING ENTRY SKIPPED

GAMS 49.1.0  5c4d4ed6 Feb 15, 2025          WEX-WEI x86 64bit/MS Windows - 04/30/25 14:09:47 Page 4
G e n e r a l   A l g e b r a i c   M o d e l i n g   S y s t e m
Column Listing      SOLVE vyroba Using LP From line 41


---- z  

z
                (.LO, .L, .UP, .M = -INF, 0, +INF, 0)
        1       ucelfce


---- x  

x(1)
                (.LO, .L, .UP, .M = 0, 0, +INF, 0)
     -145       ucelfce
       30       omez0(1)
       22       omez0(2)
       31       omez0(3)
       24       omez0(4)
       30       omez1(1)
       22       omez1(2)
       31       omez1(3)
       24       omez1(4)
        1       omez2(1)
        1       omez3(1)

x(2)
                (.LO, .L, .UP, .M = 0, 0, +INF, 0)
     -150       ucelfce
       28       omez0(1)
       23       omez0(2)
       34       omez0(3)
       20       omez0(4)
       28       omez1(1)
       23       omez1(2)
       34       omez1(3)
       20       omez1(4)
        1       omez2(2)
        1       omez3(2)

x(3)
                (.LO, .L, .UP, .M = 0, 0, +INF, 0)
     -147       ucelfce
       27       omez0(1)
       21       omez0(2)
       34       omez0(3)
       24       omez0(4)
       27       omez1(1)
       21       omez1(2)
       34       omez1(3)
       24       omez1(4)
        1       omez2(3)
        1       omez3(3)

REMAINING ENTRY SKIPPED
GAMS 49.1.0  5c4d4ed6 Feb 15, 2025          WEX-WEI x86 64bit/MS Windows - 04/30/25 14:09:47 Page 5
G e n e r a l   A l g e b r a i c   M o d e l i n g   S y s t e m
Range Statistics    SOLVE vyroba Using LP From line 41


RANGE STATISTICS (ABSOLUTE NON-ZERO FINITE VALUES)

RHS       [min, max] : [ 2.000E+01, 4.500E+03] - Zero values observed as well
Bound     [min, max] : [        NA,        NA] - Zero values observed as well
Matrix    [min, max] : [ 1.000E+00, 1.500E+02]

GAMS 49.1.0  5c4d4ed6 Feb 15, 2025          WEX-WEI x86 64bit/MS Windows - 04/30/25 14:09:47 Page 6
G e n e r a l   A l g e b r a i c   M o d e l i n g   S y s t e m
Model Statistics    SOLVE vyroba Using LP From line 41


MODEL STATISTICS

BLOCKS OF EQUATIONS           5     SINGLE EQUATIONS           17
BLOCKS OF VARIABLES           2     SINGLE VARIABLES            5
NON ZERO ELEMENTS            45


GENERATION TIME      =        0.000 SECONDS      4 MB  49.1.0 5c4d4ed6 WEX-WEI
GAMS 49.1.0  5c4d4ed6 Feb 15, 2025          WEX-WEI x86 64bit/MS Windows - 04/30/25 14:09:47 Page 7
G e n e r a l   A l g e b r a i c   M o d e l i n g   S y s t e m
Solution Report     SOLVE vyroba Using LP From line 41


               S O L V E      S U M M A R Y

     MODEL   vyroba              OBJECTIVE  z
     TYPE    LP                  DIRECTION  MAXIMIZE
     SOLVER  CPLEX               FROM LINE  41

**** SOLVER STATUS     1 Normal Completion
**** MODEL STATUS      1 Optimal
**** OBJECTIVE VALUE            20013.1579

 RESOURCE USAGE, LIMIT          0.000 10000000000.000
 ITERATION COUNT, LIMIT         3    2147483647
*** This solver runs with a demo license. No commercial use.
--- GMO setup time: 0.00s
--- GMO memory 0.50 Mb (peak 0.50 Mb)
--- Dictionary memory 0.00 Mb
--- Cplex 22.1.2.0 link memory 0.00 Mb (peak 0.00 Mb)
--- Starting Cplex


--- LP status (1): optimal.
--- Cplex Time: 0.00sec (det. 0.02 ticks)


Optimal solution found
Objective:        20013.157895


                           LOWER          LEVEL          UPPER         MARGINAL

---- EQU ucelfce             .              .              .             1.0000      

---- EQU omez0  

         LOWER          LEVEL          UPPER         MARGINAL

1        -INF         3817.6692      4000.0000          .          
2        -INF         3000.0000      3000.0000         3.2105      
3        -INF         4500.0000      4500.0000         1.7368      
4        -INF         3000.0000      3000.0000         0.8553      

---- EQU omez1  

         LOWER          LEVEL          UPPER         MARGINAL

1      1000.0000      3817.6692        +INF             .          
2      1500.0000      3000.0000        +INF             .          
3      3000.0000      4500.0000        +INF             .          
4       800.0000      3000.0000        +INF             .          

---- EQU omez2  

         LOWER          LEVEL          UPPER         MARGINAL

1        -INF           33.8346       100.0000          .          
2        -INF           62.0301       100.0000          .          
3        -INF           39.4737       100.0000          .          
4        -INF             .              .            18.5263      

---- EQU omez3  

         LOWER          LEVEL          UPPER         MARGINAL

1        20.0000        33.8346        +INF             .          
2        40.0000        62.0301        +INF             .          
3        20.0000        39.4737        +INF             .          
4          .              .            +INF             .          

                           LOWER          LEVEL          UPPER         MARGINAL

---- VAR z                 -INF        20013.1579        +INF             .          

---- VAR x  

         LOWER          LEVEL          UPPER         MARGINAL

1          .            33.8346        +INF             .          
2          .            62.0301        +INF             .          
3          .            39.4737        +INF             .          
4          .              .            +INF             .          


**** REPORT SUMMARY :        0     NONOPT
                             0 INFEASIBLE
                             0  UNBOUNDED
GAMS 49.1.0  5c4d4ed6 Feb 15, 2025          WEX-WEI x86 64bit/MS Windows - 04/30/25 14:09:47 Page 8
G e n e r a l   A l g e b r a i c   M o d e l i n g   S y s t e m
E x e c u t i o n


----     42 VARIABLE z.L                   =    20013.158  

----     42 VARIABLE x.L  

1 33.835,    2 62.030,    3 39.474

GAMS 49.1.0  5c4d4ed6 Feb 15, 2025          WEX-WEI x86 64bit/MS Windows - 04/30/25 14:09:47 Page 9
G e n e r a l   A l g e b r a i c   M o d e l i n g   S y s t e m
Equation Listing    SOLVE vyroba Using LP From line 83


---- ucelfce  =E=  

ucelfce..  z - 145*x(1) - 150*x(2) - 147*x(3) - 143*x(4) =E= 0 ; (LHS = 0)
     

---- omez0  =L=  

omez0(1)..  17.57620698*x(1) + 19.51706856*x(2) + 20.24745756*x(3) + 22.503160035*x(4) =L= 4000 ; (LHS = 2604.57067082707)
     
omez0(2)..  29.866995585*x(1) + 24.595781385*x(2) + 25.033929135*x(3) + 20.27162052*x(4) =L= 3000 ; (LHS = 3524.39702644737, INFES = 524.397026447369 ****)
     
omez0(3)..  23.83670475*x(1) + 24.9860169*x(2) + 16.657384365*x(3) + 28.086934665*x(4) =L= 4500 ; (LHS = 3013.91788508459)
     
REMAINING ENTRY SKIPPED


---- omez1  =G=  

omez1(1)..  17.57620698*x(1) + 19.51706856*x(2) + 20.24745756*x(3) + 22.503160035*x(4) =G= 1000 ; (LHS = 2604.57067082707)
     
omez1(2)..  29.866995585*x(1) + 24.595781385*x(2) + 25.033929135*x(3) + 20.27162052*x(4) =G= 1500 ; (LHS = 3524.39702644737)
     
omez1(3)..  23.83670475*x(1) + 24.9860169*x(2) + 16.657384365*x(3) + 28.086934665*x(4) =G= 3000 ; (LHS = 3013.91788508459)
     
REMAINING ENTRY SKIPPED


---- omez2  =L=  

omez2(1)..  x(1) =L= 100 ; (LHS = 33.8345864661654)
     
omez2(2)..  x(2) =L= 100 ; (LHS = 62.0300751879699)
     
omez2(3)..  x(3) =L= 100 ; (LHS = 39.4736842105263)
     
REMAINING ENTRY SKIPPED


---- omez3  =G=  

omez3(1)..  x(1) =G= 20 ; (LHS = 33.8345864661654)
     
omez3(2)..  x(2) =G= 40 ; (LHS = 62.0300751879699)
     
omez3(3)..  x(3) =G= 20 ; (LHS = 39.4736842105263)
     
REMAINING ENTRY SKIPPED

GAMS 49.1.0  5c4d4ed6 Feb 15, 2025          WEX-WEI x86 64bit/MS Windows - 04/30/25 14:09:47 Page 10
G e n e r a l   A l g e b r a i c   M o d e l i n g   S y s t e m
Column Listing      SOLVE vyroba Using LP From line 83


---- z  

z
                (.LO, .L, .UP, .M = -INF, 20013.1578947368, +INF, 0)
        1       ucelfce


---- x  

x(1)
                (.LO, .L, .UP, .M = 33.8345864661654, 33.8345864661654, 33.8345864661654, 0)
     -145       ucelfce
       17.5762  omez0(1)
       29.867   omez0(2)
       23.8367  omez0(3)
       23.9093  omez0(4)
       17.5762  omez1(1)
       29.867   omez1(2)
       23.8367  omez1(3)
       23.9093  omez1(4)
        1       omez2(1)
        1       omez3(1)

x(2)
                (.LO, .L, .UP, .M = 62.0300751879699, 62.0300751879699, 62.0300751879699, 0)
     -150       ucelfce
       19.5171  omez0(1)
       24.5958  omez0(2)
       24.986   omez0(3)
       21.957   omez0(4)
       19.5171  omez1(1)
       24.5958  omez1(2)
       24.986   omez1(3)
       21.957   omez1(4)
        1       omez2(2)
        1       omez3(2)

x(3)
                (.LO, .L, .UP, .M = 39.4736842105263, 39.4736842105263, 39.4736842105263, 0)
     -147       ucelfce
       20.2475  omez0(1)
       25.0339  omez0(2)
       16.6574  omez0(3)
       19.7132  omez0(4)
       20.2475  omez1(1)
       25.0339  omez1(2)
       16.6574  omez1(3)
       19.7132  omez1(4)
        1       omez2(3)
        1       omez3(3)

REMAINING ENTRY SKIPPED
GAMS 49.1.0  5c4d4ed6 Feb 15, 2025          WEX-WEI x86 64bit/MS Windows - 04/30/25 14:09:47 Page 11
G e n e r a l   A l g e b r a i c   M o d e l i n g   S y s t e m
Range Statistics    SOLVE vyroba Using LP From line 83


RANGE STATISTICS (ABSOLUTE NON-ZERO FINITE VALUES)

RHS       [min, max] : [ 2.000E+01, 4.500E+03] - Zero values observed as well
Bound     [min, max] : [ 3.383E+01, 6.203E+01] - Zero values observed as well
Matrix    [min, max] : [ 1.000E+00, 1.500E+02]

GAMS 49.1.0  5c4d4ed6 Feb 15, 2025          WEX-WEI x86 64bit/MS Windows - 04/30/25 14:09:47 Page 12
G e n e r a l   A l g e b r a i c   M o d e l i n g   S y s t e m
Model Statistics    SOLVE vyroba Using LP From line 83


LOOPS                                    s   1


MODEL STATISTICS

BLOCKS OF EQUATIONS           5     SINGLE EQUATIONS           17
BLOCKS OF VARIABLES           2     SINGLE VARIABLES            5
NON ZERO ELEMENTS            45


GENERATION TIME      =        0.015 SECONDS      4 MB  49.1.0 5c4d4ed6 WEX-WEI
               L O O P S                  s 1

GAMS 49.1.0  5c4d4ed6 Feb 15, 2025          WEX-WEI x86 64bit/MS Windows - 04/30/25 14:09:47 Page 13
G e n e r a l   A l g e b r a i c   M o d e l i n g   S y s t e m
Solution Report     SOLVE vyroba Using LP From line 83


               S O L V E      S U M M A R Y

     MODEL   vyroba              OBJECTIVE  z
     TYPE    LP                  DIRECTION  MAXIMIZE
     SOLVER  CPLEX               FROM LINE  83

**** SOLVER STATUS     1 Normal Completion
**** MODEL STATUS      19 Infeasible - No Solution
**** OBJECTIVE VALUE               NA

 RESOURCE USAGE, LIMIT          0.000 10000000000.000
 ITERATION COUNT, LIMIT         0    2147483647
*** This solver runs with a demo license. No commercial use.
--- GMO setup time: 0.00s
--- GMO memory 0.50 Mb (peak 0.50 Mb)
--- Dictionary memory 0.00 Mb
--- Cplex 22.1.2.0 link memory 0.00 Mb (peak 0.00 Mb)
--- Starting Cplex


--- LP status (3): infeasible.
--- Cplex Time: 0.00sec (det. 0.01 ticks)

--- Model has been proven infeasible

No solution returned
GAMS 49.1.0  5c4d4ed6 Feb 15, 2025          WEX-WEI x86 64bit/MS Windows - 04/30/25 14:09:47 Page 14
G e n e r a l   A l g e b r a i c   M o d e l i n g   S y s t e m
E x e c u t i o n


----     84 VARIABLE z.L                   =    20013.158  

----     84 VARIABLE x.L  

1 33.835,    2 62.030,    3 39.474

GAMS 49.1.0  5c4d4ed6 Feb 15, 2025          WEX-WEI x86 64bit/MS Windows - 04/30/25 14:09:47 Page 15
G e n e r a l   A l g e b r a i c   M o d e l i n g   S y s t e m
Equation Listing    SOLVE vyroba Using LP From line 83


---- ucelfce  =E=  

ucelfce..  z - 145*x(1) - 150*x(2) - 147*x(3) - 143*x(4) =E= 0 ; (LHS = 0)
     

---- omez0  =L=  

omez0(1)..  27.64900062*x(1) + 19.383181755*x(2) + 27.844055205*x(3) + 29.971764405*x(4) =L= 4000 ; (LHS = 3236.94016612782)
     
omez0(2)..  26.433757005*x(1) + 17.39276796*x(2) + 21.530345715*x(3) + 16.97237385*x(4) =L= 3000 ; (LHS = 2823.13200899436)
     
omez0(3)..  27.46339218*x(1) + 26.63786409*x(2) + 22.53577299*x(3) + 18.976718175*x(4) =L= 4500 ; (LHS = 3471.13121616541)
     
REMAINING ENTRY SKIPPED


---- omez1  =G=  

omez1(1)..  27.64900062*x(1) + 19.383181755*x(2) + 27.844055205*x(3) + 29.971764405*x(4) =G= 1000 ; (LHS = 3236.94016612782)
     
omez1(2)..  26.433757005*x(1) + 17.39276796*x(2) + 21.530345715*x(3) + 16.97237385*x(4) =G= 1500 ; (LHS = 2823.13200899436)
     
omez1(3)..  27.46339218*x(1) + 26.63786409*x(2) + 22.53577299*x(3) + 18.976718175*x(4) =G= 3000 ; (LHS = 3471.13121616541)
     
REMAINING ENTRY SKIPPED


---- omez2  =L=  

omez2(1)..  x(1) =L= 100 ; (LHS = 33.8345864661654)
     
omez2(2)..  x(2) =L= 100 ; (LHS = 62.0300751879699)
     
omez2(3)..  x(3) =L= 100 ; (LHS = 39.4736842105263)
     
REMAINING ENTRY SKIPPED


---- omez3  =G=  

omez3(1)..  x(1) =G= 20 ; (LHS = 33.8345864661654)
     
omez3(2)..  x(2) =G= 40 ; (LHS = 62.0300751879699)
     
omez3(3)..  x(3) =G= 20 ; (LHS = 39.4736842105263)
     
REMAINING ENTRY SKIPPED

GAMS 49.1.0  5c4d4ed6 Feb 15, 2025          WEX-WEI x86 64bit/MS Windows - 04/30/25 14:09:47 Page 16
G e n e r a l   A l g e b r a i c   M o d e l i n g   S y s t e m
Column Listing      SOLVE vyroba Using LP From line 83


---- z  

z
                (.LO, .L, .UP, .M = -INF, 20013.1578947368, +INF, 0)
        1       ucelfce


---- x  

x(1)
                (.LO, .L, .UP, .M = 33.8345864661654, 33.8345864661654, 33.8345864661654, 0)
     -145       ucelfce
       27.649   omez0(1)
       26.4338  omez0(2)
       27.4634  omez0(3)
       25.8408  omez0(4)
       27.649   omez1(1)
       26.4338  omez1(2)
       27.4634  omez1(3)
       25.8408  omez1(4)
        1       omez2(1)
        1       omez3(1)

x(2)
                (.LO, .L, .UP, .M = 62.0300751879699, 62.0300751879699, 62.0300751879699, 0)
     -150       ucelfce
       19.3832  omez0(1)
       17.3928  omez0(2)
       26.6379  omez0(3)
       21.1996  omez0(4)
       19.3832  omez1(1)
       17.3928  omez1(2)
       26.6379  omez1(3)
       21.1996  omez1(4)
        1       omez2(2)
        1       omez3(2)

x(3)
                (.LO, .L, .UP, .M = 39.4736842105263, 39.4736842105263, 39.4736842105263, 0)
     -147       ucelfce
       27.8441  omez0(1)
       21.5303  omez0(2)
       22.5358  omez0(3)
       15.6983  omez0(4)
       27.8441  omez1(1)
       21.5303  omez1(2)
       22.5358  omez1(3)
       15.6983  omez1(4)
        1       omez2(3)
        1       omez3(3)

REMAINING ENTRY SKIPPED
GAMS 49.1.0  5c4d4ed6 Feb 15, 2025          WEX-WEI x86 64bit/MS Windows - 04/30/25 14:09:47 Page 17
G e n e r a l   A l g e b r a i c   M o d e l i n g   S y s t e m
Range Statistics    SOLVE vyroba Using LP From line 83


RANGE STATISTICS (ABSOLUTE NON-ZERO FINITE VALUES)

RHS       [min, max] : [ 2.000E+01, 4.500E+03] - Zero values observed as well
Bound     [min, max] : [ 3.383E+01, 6.203E+01] - Zero values observed as well
Matrix    [min, max] : [ 1.000E+00, 1.500E+02]

GAMS 49.1.0  5c4d4ed6 Feb 15, 2025          WEX-WEI x86 64bit/MS Windows - 04/30/25 14:09:47 Page 18
G e n e r a l   A l g e b r a i c   M o d e l i n g   S y s t e m
Model Statistics    SOLVE vyroba Using LP From line 83


LOOPS                                    s   2


MODEL STATISTICS

BLOCKS OF EQUATIONS           5     SINGLE EQUATIONS           17
BLOCKS OF VARIABLES           2     SINGLE VARIABLES            5
NON ZERO ELEMENTS            45


GENERATION TIME      =        0.000 SECONDS      4 MB  49.1.0 5c4d4ed6 WEX-WEI
               L O O P S                  s 2

GAMS 49.1.0  5c4d4ed6 Feb 15, 2025          WEX-WEI x86 64bit/MS Windows - 04/30/25 14:09:47 Page 19
G e n e r a l   A l g e b r a i c   M o d e l i n g   S y s t e m
Solution Report     SOLVE vyroba Using LP From line 83


               S O L V E      S U M M A R Y

     MODEL   vyroba              OBJECTIVE  z
     TYPE    LP                  DIRECTION  MAXIMIZE
     SOLVER  CPLEX               FROM LINE  83

**** SOLVER STATUS     1 Normal Completion
**** MODEL STATUS      1 Optimal
**** OBJECTIVE VALUE            20013.1579

 RESOURCE USAGE, LIMIT          0.000 10000000000.000
 ITERATION COUNT, LIMIT         0    2147483647
*** This solver runs with a demo license. No commercial use.
--- GMO setup time: 0.00s
--- GMO memory 0.50 Mb (peak 0.50 Mb)
--- Dictionary memory 0.00 Mb
--- Cplex 22.1.2.0 link memory 0.00 Mb (peak 0.00 Mb)
--- Starting Cplex


--- LP status (1): optimal.
--- Cplex Time: 0.00sec (det. 0.02 ticks)


Optimal solution found
Objective:        20013.157895


                           LOWER          LEVEL          UPPER         MARGINAL

---- EQU ucelfce             .              .              .             1.0000      

---- EQU omez0  

         LOWER          LEVEL          UPPER         MARGINAL

1        -INF         3236.9402      4000.0000          .          
2        -INF         2823.1320      3000.0000          .          
3        -INF         3471.1312      4500.0000          .          
4        -INF         2808.9941      3000.0000          .          

---- EQU omez1  

         LOWER          LEVEL          UPPER         MARGINAL

1      1000.0000      3236.9402        +INF             .          
2      1500.0000      2823.1320        +INF             .          
3      3000.0000      3471.1312        +INF             .          
4       800.0000      2808.9941        +INF             .          

---- EQU omez2  

         LOWER          LEVEL          UPPER         MARGINAL

1        -INF           33.8346       100.0000          .          
2        -INF           62.0301       100.0000          .          
3        -INF           39.4737       100.0000          .          
4        -INF             .              .              .          

---- EQU omez3  

         LOWER          LEVEL          UPPER         MARGINAL

1        20.0000        33.8346        +INF             .          
2        40.0000        62.0301        +INF             .          
3        20.0000        39.4737        +INF             .          
4          .              .            +INF             .          

                           LOWER          LEVEL          UPPER         MARGINAL

---- VAR z                 -INF        20013.1579        +INF             .          

---- VAR x  

         LOWER          LEVEL          UPPER         MARGINAL

1        33.8346        33.8346        33.8346       145.0000      
2        62.0301        62.0301        62.0301       150.0000      
3        39.4737        39.4737        39.4737       147.0000      
4          .              .              .           143.0000      


**** REPORT SUMMARY :        0     NONOPT
                             0 INFEASIBLE
                             0  UNBOUNDED
GAMS 49.1.0  5c4d4ed6 Feb 15, 2025          WEX-WEI x86 64bit/MS Windows - 04/30/25 14:09:47 Page 20
G e n e r a l   A l g e b r a i c   M o d e l i n g   S y s t e m
E x e c u t i o n


----     84 VARIABLE z.L                   =    20013.158  

----     84 VARIABLE x.L  

1 33.835,    2 62.030,    3 39.474

GAMS 49.1.0  5c4d4ed6 Feb 15, 2025          WEX-WEI x86 64bit/MS Windows - 04/30/25 14:09:47 Page 21
G e n e r a l   A l g e b r a i c   M o d e l i n g   S y s t e m
Equation Listing    SOLVE vyroba Using LP From line 83


---- ucelfce  =E=  

ucelfce..  z - 145*x(1) - 150*x(2) - 147*x(3) - 143*x(4) =E= 0 ; (LHS = 0)
     

---- omez0  =L=  

omez0(1)..  23.25563034*x(1) + 18.360793005*x(2) + 16.006705845*x(3) + 23.68100067*x(4) =L= 4000 ; (LHS = 2557.60965795113)
     
omez0(2)..  16.960387245*x(1) + 18.751207995*x(2) + 20.39550399*x(3) + 17.25152682*x(4) =L= 3000 ; (LHS = 2542.0722143515)
     
omez0(3)..  18.46223607*x(1) + 19.554877155*x(2) + 17.40259143*x(3) + 19.28721483*x(4) =L= 4500 ; (LHS = 2524.59702143797)
     
REMAINING ENTRY SKIPPED


---- omez1  =G=  

omez1(1)..  23.25563034*x(1) + 18.360793005*x(2) + 16.006705845*x(3) + 23.68100067*x(4) =G= 1000 ; (LHS = 2557.60965795113)
     
omez1(2)..  16.960387245*x(1) + 18.751207995*x(2) + 20.39550399*x(3) + 17.25152682*x(4) =G= 1500 ; (LHS = 2542.0722143515)
     
omez1(3)..  18.46223607*x(1) + 19.554877155*x(2) + 17.40259143*x(3) + 19.28721483*x(4) =G= 3000 ; (LHS = 2524.59702143797, INFES = 475.40297856203 ****)
     
REMAINING ENTRY SKIPPED


---- omez2  =L=  

omez2(1)..  x(1) =L= 100 ; (LHS = 33.8345864661654)
     
omez2(2)..  x(2) =L= 100 ; (LHS = 62.0300751879699)
     
omez2(3)..  x(3) =L= 100 ; (LHS = 39.4736842105263)
     
REMAINING ENTRY SKIPPED


---- omez3  =G=  

omez3(1)..  x(1) =G= 20 ; (LHS = 33.8345864661654)
     
omez3(2)..  x(2) =G= 40 ; (LHS = 62.0300751879699)
     
omez3(3)..  x(3) =G= 20 ; (LHS = 39.4736842105263)
     
REMAINING ENTRY SKIPPED

GAMS 49.1.0  5c4d4ed6 Feb 15, 2025          WEX-WEI x86 64bit/MS Windows - 04/30/25 14:09:47 Page 22
G e n e r a l   A l g e b r a i c   M o d e l i n g   S y s t e m
Column Listing      SOLVE vyroba Using LP From line 83


---- z  

z
                (.LO, .L, .UP, .M = -INF, 20013.1578947368, +INF, 0)
        1       ucelfce


---- x  

x(1)
                (.LO, .L, .UP, .M = 33.8345864661654, 33.8345864661654, 33.8345864661654, 145)
     -145       ucelfce
       23.2556  omez0(1)
       16.9604  omez0(2)
       18.4622  omez0(3)
       24.4237  omez0(4)
       23.2556  omez1(1)
       16.9604  omez1(2)
       18.4622  omez1(3)
       24.4237  omez1(4)
        1       omez2(1)
        1       omez3(1)

x(2)
                (.LO, .L, .UP, .M = 62.0300751879699, 62.0300751879699, 62.0300751879699, 150)
     -150       ucelfce
       18.3608  omez0(1)
       18.7512  omez0(2)
       19.5549  omez0(3)
       16.7654  omez0(4)
       18.3608  omez1(1)
       18.7512  omez1(2)
       19.5549  omez1(3)
       16.7654  omez1(4)
        1       omez2(2)
        1       omez3(2)

x(3)
                (.LO, .L, .UP, .M = 39.4736842105263, 39.4736842105263, 39.4736842105263, 147)
     -147       ucelfce
       16.0067  omez0(1)
       20.3955  omez0(2)
       17.4026  omez0(3)
       20.0783  omez0(4)
       16.0067  omez1(1)
       20.3955  omez1(2)
       17.4026  omez1(3)
       20.0783  omez1(4)
        1       omez2(3)
        1       omez3(3)

REMAINING ENTRY SKIPPED
GAMS 49.1.0  5c4d4ed6 Feb 15, 2025          WEX-WEI x86 64bit/MS Windows - 04/30/25 14:09:47 Page 23
G e n e r a l   A l g e b r a i c   M o d e l i n g   S y s t e m
Range Statistics    SOLVE vyroba Using LP From line 83


RANGE STATISTICS (ABSOLUTE NON-ZERO FINITE VALUES)

RHS       [min, max] : [ 2.000E+01, 4.500E+03] - Zero values observed as well
Bound     [min, max] : [ 3.383E+01, 6.203E+01] - Zero values observed as well
Matrix    [min, max] : [ 1.000E+00, 1.500E+02]

GAMS 49.1.0  5c4d4ed6 Feb 15, 2025          WEX-WEI x86 64bit/MS Windows - 04/30/25 14:09:47 Page 24
G e n e r a l   A l g e b r a i c   M o d e l i n g   S y s t e m
Model Statistics    SOLVE vyroba Using LP From line 83


LOOPS                                    s   3


MODEL STATISTICS

BLOCKS OF EQUATIONS           5     SINGLE EQUATIONS           17
BLOCKS OF VARIABLES           2     SINGLE VARIABLES            5
NON ZERO ELEMENTS            45


GENERATION TIME      =        0.000 SECONDS      4 MB  49.1.0 5c4d4ed6 WEX-WEI
               L O O P S                  s 3

GAMS 49.1.0  5c4d4ed6 Feb 15, 2025          WEX-WEI x86 64bit/MS Windows - 04/30/25 14:09:47 Page 25
G e n e r a l   A l g e b r a i c   M o d e l i n g   S y s t e m
Solution Report     SOLVE vyroba Using LP From line 83


               S O L V E      S U M M A R Y

     MODEL   vyroba              OBJECTIVE  z
     TYPE    LP                  DIRECTION  MAXIMIZE
     SOLVER  CPLEX               FROM LINE  83

**** SOLVER STATUS     1 Normal Completion
**** MODEL STATUS      19 Infeasible - No Solution
**** OBJECTIVE VALUE               NA

 RESOURCE USAGE, LIMIT          0.000 10000000000.000
 ITERATION COUNT, LIMIT         0    2147483647
*** This solver runs with a demo license. No commercial use.
--- GMO setup time: 0.00s
--- GMO memory 0.50 Mb (peak 0.50 Mb)
--- Dictionary memory 0.00 Mb
--- Cplex 22.1.2.0 link memory 0.00 Mb (peak 0.00 Mb)
--- Starting Cplex


--- LP status (3): infeasible.
--- Cplex Time: 0.00sec (det. 0.00 ticks)

--- Model has been proven infeasible

No solution returned
GAMS 49.1.0  5c4d4ed6 Feb 15, 2025          WEX-WEI x86 64bit/MS Windows - 04/30/25 14:09:47 Page 26
G e n e r a l   A l g e b r a i c   M o d e l i n g   S y s t e m
E x e c u t i o n


----     84 VARIABLE z.L                   =    20013.158  

----     84 VARIABLE x.L  

1 33.835,    2 62.030,    3 39.474


**** REPORT FILE SUMMARY

out C:\projekt\Velka data\EV\vysledky.txt


EXECUTION TIME       =        0.125 SECONDS      4 MB  49.1.0 5c4d4ed6 WEX-WEI


USER: GAMS Demo, for EULA and demo limitations see   G250131/0001CB-GEN
      https://www.gams.com/latest/docs/UG%5FLicense.html         DC0000


**** FILE SUMMARY

Input      C:\projekt\Velka data\EV\EV_VD.gms
Output     C:\projekt\Velka data\EV\EV_VD.lst
