GAMS 49.1.0  5c4d4ed6 Feb 15, 2025          WEX-WEI x86 64bit/MS Windows - 04/29/25 18:58:36 Page 1
G e n e r a l   A l g e b r a i c   M o d e l i n g   S y s t e m
C o m p i l a t i o n


   2  set i /1 * 4/; #stlpce x
   3  set j /1 * 3/; #riadky y
   4  parameter
   5      b_UP /1 4000,2 3000,3 4500,4 3000/, #Horna hranica suctu v riadku
   6      b_DOWN /1 1000,2 1500,3 4000,4 800/, #Dolna hranica suctu v riadku
   7      x_UP /1 100,2 100,3 100/, # Horna hranica x
   8      x_DOWN /1 20,2 40,3 20/, # Dolna hranica x
   9      qm(i) / 1 10, 2 20, 3 30/, #Naklady na zdroje navic -> TODO: Opytat sa teamu
  10      c(j) /1 145, 2 150, 3 147/;
  11  table a(i,j)
  12      1   2   3
  13  1   30  28  27
  14  2   22  23  21
  15  3   31  34  34
  16  4   24  20  24;
  17  Variable z;
  18  Positive Variables x(j),yp(i),ym(i);
  19  Equations ucelfce, omez0(i), omez1(i), omez2(j), omez3(j);
  20  ucelfce..           z =E= sum(j, c(j) * x(j)) - sum(i, qm(i)* ym(i) );
  21  omez0(i)..          sum(j,a(i,j) * x(j)) + yp(i) - ym(i) =E= b_UP(i);
  22  omez1(i)..          sum(j,a(i,j) * x(j)) =G= b_DOWN(i);
  23  omez2(j)..          x(j) =L= x_UP(j);
  24  omez3(j)..          x(j) =G= x_DOWN(j);
  25  model vyroba / ucelfce, omez0, omez1, omez2, omez3 /;
  26  yp.UP(i) = 100;
  27  ym.UP(i) = 100;
  28  solve vyroba maximizing z using LP;
  29  display z.L, x.L;
  30  file out / "vysledky.txt" /;
  31  put out;
  32  put "Vysledky a vstupy:" /;
  33  put "==================" / /;
  34  put 'opt?':7,'num?':7,'z_max':12;
  35  loop(j, put "x(", j.TL:1, ")":10;);
  36  loop(i, put "yp(", i.TL:1, ")":10;);
  37  loop(i, put "ym(", i.TL:1, ")":10;);
  38  loop(j, put "c(", j.TL:1, ")":10;);
  39  loop(i, put "b_up(", i.TL:1, ")":10;);
  40  loop(i, put "b_down(", i.TL:1, ")":10;);
  41  loop(i,loop(j, put " a(",i.TL:1,",",j.TL:1, ")":10;););
  42  put /;
  43  put vyroba.modelstat:2:0,vyroba.solvestat:7:0,z.l:12:2;
  44   
  45  loop(j,
  46      put x.L(j):10:2;
  47      put "":1;
  48      put$(ord(j)=1) "":2;
  49      put$(ord(j)=2) "":2;
  50  );
  51  loop(i,
  52      put yp.l(i):11:2;
  53      put "":1;
  54      put$(ord(i)=1) "":2;
  55      put$(ord(i)=2) "":2;
  56      put$(ord(i)=3) "":2;
  57  );
  58  loop(i, put ym.l(i):14:2;);
  59  loop(j, put c(j):13:2;);
  60  loop(i,
  61      put b_up(i):13:0;
  62      put$(ord(i)=1) "":3;
  63      put$(ord(i)=2) "":3;
  64      put$(ord(i)=3) "":3;
  65  );
  66  loop(i,
  67      put b_down(i):16:0 ;
  68      put$(ord(i)=1) "":2;
  69      put$(ord(i)=2) "":2;
  70      put$(ord(i)=3) "":1;
  71  );
  72  loop(i,
  73       loop(j,
  74          put$(ord(i)=1) "":1;
  75          put a(i,j):16:0;
  76          );
  77  );


COMPILATION TIME     =        0.000 SECONDS      3 MB  49.1.0 5c4d4ed6 WEX-WEI
GAMS 49.1.0  5c4d4ed6 Feb 15, 2025          WEX-WEI x86 64bit/MS Windows - 04/29/25 18:58:36 Page 2
G e n e r a l   A l g e b r a i c   M o d e l i n g   S y s t e m
Equation Listing    SOLVE vyroba Using LP From line 28


---- ucelfce  =E=  

ucelfce..  z - 145*x(1) - 150*x(2) - 147*x(3) + 10*ym(1) + 20*ym(2) + 30*ym(3) =E= 0 ; (LHS = 0)
     

---- omez0  =E=  

omez0(1)..  30*x(1) + 28*x(2) + 27*x(3) + yp(1) - ym(1) =E= 4000 ; (LHS = 0, INFES = 4000 ****)
     
omez0(2)..  22*x(1) + 23*x(2) + 21*x(3) + yp(2) - ym(2) =E= 3000 ; (LHS = 0, INFES = 3000 ****)
     
omez0(3)..  31*x(1) + 34*x(2) + 34*x(3) + yp(3) - ym(3) =E= 4500 ; (LHS = 0, INFES = 4500 ****)
     
REMAINING ENTRY SKIPPED


---- omez1  =G=  

omez1(1)..  30*x(1) + 28*x(2) + 27*x(3) =G= 1000 ; (LHS = 0, INFES = 1000 ****)
     
omez1(2)..  22*x(1) + 23*x(2) + 21*x(3) =G= 1500 ; (LHS = 0, INFES = 1500 ****)
     
omez1(3)..  31*x(1) + 34*x(2) + 34*x(3) =G= 4000 ; (LHS = 0, INFES = 4000 ****)
     
REMAINING ENTRY SKIPPED


---- omez2  =L=  

omez2(1)..  x(1) =L= 100 ; (LHS = 0)
     
omez2(2)..  x(2) =L= 100 ; (LHS = 0)
     
omez2(3)..  x(3) =L= 100 ; (LHS = 0)
     

---- omez3  =G=  

omez3(1)..  x(1) =G= 20 ; (LHS = 0, INFES = 20 ****)
     
omez3(2)..  x(2) =G= 40 ; (LHS = 0, INFES = 40 ****)
     
omez3(3)..  x(3) =G= 20 ; (LHS = 0, INFES = 20 ****)
     
GAMS 49.1.0  5c4d4ed6 Feb 15, 2025          WEX-WEI x86 64bit/MS Windows - 04/29/25 18:58:36 Page 3
G e n e r a l   A l g e b r a i c   M o d e l i n g   S y s t e m
Column Listing      SOLVE vyroba Using LP From line 28


---- z  

z
                (.LO, .L, .UP, .M = -INF, 0, +INF, 0)
        1       ucelfce


---- x  

x(1)
                (.LO, .L, .UP, .M = 0, 0, +INF, 0)
     -145       ucelfce
       30       omez0(1)
       22       omez0(2)
       31       omez0(3)
       24       omez0(4)
       30       omez1(1)
       22       omez1(2)
       31       omez1(3)
       24       omez1(4)
        1       omez2(1)
        1       omez3(1)

x(2)
                (.LO, .L, .UP, .M = 0, 0, +INF, 0)
     -150       ucelfce
       28       omez0(1)
       23       omez0(2)
       34       omez0(3)
       20       omez0(4)
       28       omez1(1)
       23       omez1(2)
       34       omez1(3)
       20       omez1(4)
        1       omez2(2)
        1       omez3(2)

x(3)
                (.LO, .L, .UP, .M = 0, 0, +INF, 0)
     -147       ucelfce
       27       omez0(1)
       21       omez0(2)
       34       omez0(3)
       24       omez0(4)
       27       omez1(1)
       21       omez1(2)
       34       omez1(3)
       24       omez1(4)
        1       omez2(3)
        1       omez3(3)


---- yp  

yp(1)
                (.LO, .L, .UP, .M = 0, 0, 100, 0)
        1       omez0(1)

yp(2)
                (.LO, .L, .UP, .M = 0, 0, 100, 0)
        1       omez0(2)

yp(3)
                (.LO, .L, .UP, .M = 0, 0, 100, 0)
        1       omez0(3)

REMAINING ENTRY SKIPPED

---- ym  

ym(1)
                (.LO, .L, .UP, .M = 0, 0, 100, 0)
       10       ucelfce
       -1       omez0(1)

ym(2)
                (.LO, .L, .UP, .M = 0, 0, 100, 0)
       20       ucelfce
       -1       omez0(2)

ym(3)
                (.LO, .L, .UP, .M = 0, 0, 100, 0)
       30       ucelfce
       -1       omez0(3)

REMAINING ENTRY SKIPPED
GAMS 49.1.0  5c4d4ed6 Feb 15, 2025          WEX-WEI x86 64bit/MS Windows - 04/29/25 18:58:36 Page 4
G e n e r a l   A l g e b r a i c   M o d e l i n g   S y s t e m
Range Statistics    SOLVE vyroba Using LP From line 28


RANGE STATISTICS (ABSOLUTE NON-ZERO FINITE VALUES)

RHS       [min, max] : [ 2.000E+01, 4.500E+03] - Zero values observed as well
Bound     [min, max] : [ 1.000E+02, 1.000E+02] - Zero values observed as well
Matrix    [min, max] : [ 1.000E+00, 1.500E+02]

GAMS 49.1.0  5c4d4ed6 Feb 15, 2025          WEX-WEI x86 64bit/MS Windows - 04/29/25 18:58:36 Page 5
G e n e r a l   A l g e b r a i c   M o d e l i n g   S y s t e m
Model Statistics    SOLVE vyroba Using LP From line 28


MODEL STATISTICS

BLOCKS OF EQUATIONS           5     SINGLE EQUATIONS           15
BLOCKS OF VARIABLES           4     SINGLE VARIABLES           12
NON ZERO ELEMENTS            45


GENERATION TIME      =        0.016 SECONDS      4 MB  49.1.0 5c4d4ed6 WEX-WEI
GAMS 49.1.0  5c4d4ed6 Feb 15, 2025          WEX-WEI x86 64bit/MS Windows - 04/29/25 18:58:36 Page 6
G e n e r a l   A l g e b r a i c   M o d e l i n g   S y s t e m
Solution Report     SOLVE vyroba Using LP From line 28


               S O L V E      S U M M A R Y

     MODEL   vyroba              OBJECTIVE  z
     TYPE    LP                  DIRECTION  MAXIMIZE
     SOLVER  CPLEX               FROM LINE  28

**** SOLVER STATUS     1 Normal Completion
**** MODEL STATUS      1 Optimal
**** OBJECTIVE VALUE            19987.5000

 RESOURCE USAGE, LIMIT          0.000 10000000000.000
 ITERATION COUNT, LIMIT         4    2147483647
*** This solver runs with a demo license. No commercial use.
--- GMO setup time: 0.00s
--- GMO memory 0.50 Mb (peak 0.50 Mb)
--- Dictionary memory 0.00 Mb
--- Cplex 22.1.2.0 link memory 0.00 Mb (peak 0.00 Mb)
--- Starting Cplex


--- LP status (1): optimal.
--- Cplex Time: 0.00sec (det. 0.03 ticks)


Optimal solution found
Objective:        19987.500000


                           LOWER          LEVEL          UPPER         MARGINAL

---- EQU ucelfce             .              .              .             1.0000      

---- EQU omez0  

         LOWER          LEVEL          UPPER         MARGINAL

1      4000.0000      4000.0000      4000.0000        -3.5000      
2      3000.0000      3000.0000      3000.0000         8.5000      
3      4500.0000      4500.0000      4500.0000         EPS         
4      3000.0000      3000.0000      3000.0000         2.6250      

---- EQU omez1  

         LOWER          LEVEL          UPPER         MARGINAL

1      1000.0000      3900.0000        +INF             .          
2      1500.0000      3000.0000        +INF             .          
3      4000.0000      4435.9848        +INF             .          
4       800.0000      3100.0000        +INF             .          

---- EQU omez2  

         LOWER          LEVEL          UPPER         MARGINAL

1        -INF           62.5000       100.0000          .          
2        -INF           40.9091       100.0000          .          
3        -INF           32.5758       100.0000          .          

---- EQU omez3  

         LOWER          LEVEL          UPPER         MARGINAL

1        20.0000        62.5000        +INF             .          
2        40.0000        40.9091        +INF             .          
3        20.0000        32.5758        +INF             .          

                           LOWER          LEVEL          UPPER         MARGINAL

---- VAR z                 -INF        19987.5000        +INF             .          

---- VAR x  

         LOWER          LEVEL          UPPER         MARGINAL

1          .            62.5000        +INF             .          
2          .            40.9091        +INF             .          
3          .            32.5758        +INF             .          

---- VAR yp  

         LOWER          LEVEL          UPPER         MARGINAL

1          .           100.0000       100.0000         3.5000      
2          .              .           100.0000        -8.5000      
3          .            64.0152       100.0000          .          
4          .              .           100.0000        -2.6250      

---- VAR ym  

         LOWER          LEVEL          UPPER         MARGINAL

1          .              .           100.0000       -13.5000      
2          .              .           100.0000       -11.5000      
3          .              .           100.0000       -30.0000      
4          .           100.0000       100.0000         2.6250      


**** REPORT SUMMARY :        0     NONOPT
                             0 INFEASIBLE
                             0  UNBOUNDED
GAMS 49.1.0  5c4d4ed6 Feb 15, 2025          WEX-WEI x86 64bit/MS Windows - 04/29/25 18:58:36 Page 7
G e n e r a l   A l g e b r a i c   M o d e l i n g   S y s t e m
E x e c u t i o n


----     29 VARIABLE z.L                   =    19987.500  

----     29 VARIABLE x.L  

1 62.500,    2 40.909,    3 32.576


**** REPORT FILE SUMMARY

out C:\projekt\TS\vysledky.txt


EXECUTION TIME       =        0.047 SECONDS      4 MB  49.1.0 5c4d4ed6 WEX-WEI


USER: GAMS Demo, for EULA and demo limitations see   G250131/0001CB-GEN
      https://www.gams.com/latest/docs/UG%5FLicense.html         DC0000


**** FILE SUMMARY

Input      C:\projekt\TS\TS_Deter.gms
Output     C:\projekt\TS\TS_Deter.lst
