GAMS 49.4.0  6fb2fe8b Apr 6, 2025           WEX-WEI x86 64bit/MS Windows - 04/30/25 20:37:07 Page 1
G e n e r a l   A l g e b r a i c   M o d e l i n g   S y s t e m
C o m p i l a t i o n


   3  set i /1 * 4/; #stlpce x
   4  set j /1 * 3/; #riadky y
   5  set s / 1 * 3/;
   6  scalar EzEV, varzEV, szEV;
   7  parameter
   8      b_UP /1 4000,2 3000,3 4500,4 3000/, #Horna hranica suctu v riadku
   9      b_DOWN /1 1000,2 1500,3 4000,4 800/, #Dolna hranica suctu v riadku
  10      x_UP /1 100,2 100,3 100/, # Horna hranica x
  11      x_DOWN /1 20,2 40,3 20/, # Dolna hranica x
  12      qp(i) /1 0, 2 0, 3 0/,
  13      qm(i) /1 10, 2 20, 3 30/, #Naklady na zdroje navic -> TODO: Opytat sa teamu
  14      qms(i,s) "naklad na zdroje navic"  /1.1 10, 2.1 20, 3.1 30,
  15                                          1.2 20, 2.2 30, 3.2 10,
  16                                          1.3 40, 2.3 20, 3.3 10/,
  17      qps(i,s) "naklad na zdroje navic"  /1.1 0, 2.1 0, 3.1 0,
  18                                          1.2 0, 2.2 0, 3.2 0,
  19                                          1.3 0, 2.3 0, 3.3 0/,
  20      c(j) /1 145, 2 150, 3 147/
  21      p(s) /1 0.35,2 0.35,3 0.3/,
  22      as(i,j,s)
  23      /1.1.1 30, 1.2.1 28, 1.3.1 27,
  24       2.1.1 22, 2.2.1 23, 2.3.1 21,
  25       3.1.1 31, 3.2.1 34, 3.3.1 34,
  26       4.1.1 24, 4.2.1 20, 4.3.1 24,
  27       1.1.2 30, 1.2.2 27, 1.3.2 26,
  28       2.1.2 22, 2.2.2 23, 2.3.2 21,
  29       3.1.2 31, 3.2.2 35, 3.3.2 34,
  30       4.1.2 23, 4.2.2 21, 4.3.2 22,
  31       1.1.3 25, 1.2.3 30, 1.3.3 30,
  32       2.1.3 25, 2.2.3 20, 2.3.3 22,
  33       3.1.3 30, 3.2.3 35, 3.3.3 32,
  34       4.1.3 18, 4.2.3 20,4.3.3 22/,
  35      zEVmax(s),
  36      xEVmax(j,s);
  37  table a(i,j)
  38      1   2   3
  39  1   30  28  27
  40  2   22  23  21
  41  3   31  34  34
  42  4   24  20  24;
  43   
  44  Variable z;
  45  Positive Variables x(j),yp(i),ym(i);
  46  Equations ucelfce, omez0(i), omez1(i), omez2(j), omez3(j);
  47  ucelfce..           z =E= sum(j, c(j) * x(j)) - sum(i, qm(i)*ym(i) + qp(i)*yp(i));
  48  omez0(i)..          sum( j, a(i,j) * x(j) ) + yp(i) - ym(i) =E= b_UP(i);
  49  omez1(i)..          sum( j, a(i,j) * x(j)) =G= b_DOWN(i);
  50  omez2(j)..          x(j) =L= x_UP(j);
  51  omez3(j)..          x(j) =G= x_DOWN(j);
  52  model vyroba / ucelfce, omez0, omez1, omez2, omez3 /;
  53  yp.UP(i) = 1000;
  54  ym.UP(i) = 1000;
  55   
  56  file out / "vysledky.txt" /;
  57  put out;
  58  put "Vysledky a vstupy:" /;
  59  put "==================" / /;
  60  put "s":3, "p(s)":6, "opt?":7, "num?":7, "z_max":12;
  61  loop(j, put "x(" , j.tl:0 , ")":10;);
  62  loop(i, put "b_UP(" , i.tl:0 , ")":10;);
  63  loop(i, put "b_DN(" , i.tl:0 , ")":10;);
  64  loop(i, put "Yp(" , i.tl:0 , ")":10;);
  65  loop(i, put "Ym(" , i.tl:0 , ")":10;);
  66  loop(j, put "x_UP(" , j.tl:0 , ")":10;);
  67  loop(j, put "x_DN(" , j.tl:0 , ")":10;);
  68  loop(i, loop(j, put "a(" , i.tl:0 , "," , j.tl:0 , ")":10;););
  69  loop(i, put " qp(", i.TL:1, ")":11;);
  70  loop(i, put " qm(", i.TL:1, ")":11;);
  71  put /;
  72   
  73  a(i,j) = sum(s, p(s) * as(i,j,s));
  74  qp(i) = sum(s, p(s) * qps(i,s));
  75  qm(i) = sum(s, p(s) * qms(i,s));
  76   
  77  solve vyroba maximizing z using LP;
  78  display z.L, x.L;
  79  If((vyroba.modelstat EQ 4) OR (vyroba.modelstat EQ 19), zEVmax(s) = -INF;);
  80  xEVmax(j,s) = x.L(j);
  81  put "EV":3, "":1, vyroba.modelstat:7:0, vyroba.solvestat:7:0, z.l:12:2;
  82  loop(j,
  83      put x.l(j):10:2;
  84      put "":2
  85      put$(ord(j)=1) "":1;
  86      put$(ord(j)=2) "":1;
  87  );
  88  loop(i,
  89      put b_UP(i):13:2;
  90      put$(ord(i)=1) "":3;
  91      put$(ord(i)=2) "":3;
  92      put$(ord(i)=3) "":3;
  93  );
  94  loop(i,put b_DOWN(i):16:2;);
  95  loop(i,put yp.L(i):14:2;);
  96  loop(i,put ym.L(i):14:2;);
  97  loop(j,
  98      put x_UP(j):15:2;
  99      put$(ord(j)=1) "":1;
 100      put$(ord(j)=2) "":1;
 101  );
 102  loop(j,
 103      put x_DOWN(j):15:2;
 104      put$(ord(j)=1) "":1;
 105      put$(ord(j)=2) "":1;
 106  );
 107  put "":1
 108  loop(i,
 109      loop(j,
 110          put a(i,j):15:2;
 111          #put$((ord(i)=1)and(ord(j)=1)) "":1;
 112      );
 113  );
 114  loop(i,
 115          put qp(i):15:2;
 116          put$(ord(i)=1) "":1;
 117          put$(ord(i)=2) "":1;
 118          put$(ord(i)=3) "":1;
 119  );
 120  put "":1
 121  loop(i,put qm(i):16:2;);
 122  put /;
 123   
 124  #To Find the current value of X and cap the fucker
 125  x.Lo(j) = x.L(j);
 126  x.Up(j) = x.L(j);
 127   
 128  loop(s,
 129      a(i,j) = as(i,j,s);
 130      qp(i) = qps(i,s);
 131      qm(i) = qms(i,s);
 132   
 133      solve vyroba maximizing z using LP;
 134      display z.L, x.L;
 135   
 136      zEVmax(s) = z.L;
 137      if ((vyroba.modelstat = 4) or (vyroba.modelstat = 19),
 138          zEVmax(s) = -INF
 139      );
 140      xEVmax(j,s) = x.L(j);
 141   
 142      put s.tl:3, p(s):5:3, vyroba.modelstat:3:0, vyroba.solvestat:7:0, z.L:12:2;
 143      loop(j,
 144          put x.L(j):10:2;
 145          put "":2;
 146          put$(ord(j)=1) "":1;
 147          put$(ord(j)=2) "":1;
 148      );
 149      loop(i,
 150          put b_UP(i):13:2;
 151          put$(ord(i)=1) "":3;
 152          put$(ord(i)=2) "":3;
 153          put$(ord(i)=3) "":3;
 154      );
 155      loop(i, put b_DOWN(i):16:2;);
 156      loop(i,put yp.L(i):14:2;);
 157      loop(i,put ym.L(i):14:2;);
 158      loop(j,
 159          put x_UP(j):15:2;
 160          put$(ord(j)=1) "":1;
 161          put$(ord(j)=2) "":1;
 162      );
 163      loop(j,
 164          put x_DOWN(j):15:2;
 165          put$(ord(j)=1) "":1;
 166          put$(ord(j)=2) "":1;
 167      );
 168      put "":1
 169      loop(i, loop(j, put a(i,j):15:2;););
 170      loop(i,
 171          put qp(i):15:2;
 172          put$(ord(i)=1) "":1;
 173          put$(ord(i)=2) "":1;
 174          put$(ord(i)=3) "":1;
 175      );
 176      put "":1
 177      loop(i,put qm(i):16:2;);
 178      put /;
 179  );
 180   
 181  EzEV   = sum(s,p(s) * zEVmax(s) );
 182  put "EEV    = ", EzEV:10:2 /;
 183  If(EzEV GT -INF,varzEV = sum(s,p(s) * zEVmax(s) * zEVmax(s) ) - EzEV * EzEV;);
 184  If(EzEV EQ -INF, varzEV = UNDF;);
 185  put "varzEV = ", varzEV:10:2 /;
 186  szEV   = sqrt(varzEV);
 187  put "stdzEV = ", szEV:10:2 /;


COMPILATION TIME     =        0.016 SECONDS      3 MB  49.4.0 6fb2fe8b WEX-WEI
GAMS 49.4.0  6fb2fe8b Apr 6, 2025           WEX-WEI x86 64bit/MS Windows - 04/30/25 20:37:07 Page 2
G e n e r a l   A l g e b r a i c   M o d e l i n g   S y s t e m
Equation Listing    SOLVE vyroba Using LP From line 77


---- ucelfce  =E=  

ucelfce..  z - 145*x(1) - 150*x(2) - 147*x(3) + 22.5*ym(1) + 23.5*ym(2) + 17*ym(3) =E= 0 ; (LHS = 0)
     

---- omez0  =E=  

omez0(1)..  28.5*x(1) + 28.25*x(2) + 27.55*x(3) + yp(1) - ym(1) =E= 4000 ; (LHS = 0, INFES = 4000 ****)
     
omez0(2)..  22.9*x(1) + 22.1*x(2) + 21.3*x(3) + yp(2) - ym(2) =E= 3000 ; (LHS = 0, INFES = 3000 ****)
     
omez0(3)..  30.7*x(1) + 34.65*x(2) + 33.4*x(3) + yp(3) - ym(3) =E= 4500 ; (LHS = 0, INFES = 4500 ****)
     
REMAINING ENTRY SKIPPED


---- omez1  =G=  

omez1(1)..  28.5*x(1) + 28.25*x(2) + 27.55*x(3) =G= 1000 ; (LHS = 0, INFES = 1000 ****)
     
omez1(2)..  22.9*x(1) + 22.1*x(2) + 21.3*x(3) =G= 1500 ; (LHS = 0, INFES = 1500 ****)
     
omez1(3)..  30.7*x(1) + 34.65*x(2) + 33.4*x(3) =G= 4000 ; (LHS = 0, INFES = 4000 ****)
     
REMAINING ENTRY SKIPPED


---- omez2  =L=  

omez2(1)..  x(1) =L= 100 ; (LHS = 0)
     
omez2(2)..  x(2) =L= 100 ; (LHS = 0)
     
omez2(3)..  x(3) =L= 100 ; (LHS = 0)
     

---- omez3  =G=  

omez3(1)..  x(1) =G= 20 ; (LHS = 0, INFES = 20 ****)
     
omez3(2)..  x(2) =G= 40 ; (LHS = 0, INFES = 40 ****)
     
omez3(3)..  x(3) =G= 20 ; (LHS = 0, INFES = 20 ****)
     
GAMS 49.4.0  6fb2fe8b Apr 6, 2025           WEX-WEI x86 64bit/MS Windows - 04/30/25 20:37:07 Page 3
G e n e r a l   A l g e b r a i c   M o d e l i n g   S y s t e m
Column Listing      SOLVE vyroba Using LP From line 77


---- z  

z
                (.LO, .L, .UP, .M = -INF, 0, +INF, 0)
        1       ucelfce


---- x  

x(1)
                (.LO, .L, .UP, .M = 0, 0, +INF, 0)
     -145       ucelfce
       28.5     omez0(1)
       22.9     omez0(2)
       30.7     omez0(3)
       21.85    omez0(4)
       28.5     omez1(1)
       22.9     omez1(2)
       30.7     omez1(3)
       21.85    omez1(4)
        1       omez2(1)
        1       omez3(1)

x(2)
                (.LO, .L, .UP, .M = 0, 0, +INF, 0)
     -150       ucelfce
       28.25    omez0(1)
       22.1     omez0(2)
       34.65    omez0(3)
       20.35    omez0(4)
       28.25    omez1(1)
       22.1     omez1(2)
       34.65    omez1(3)
       20.35    omez1(4)
        1       omez2(2)
        1       omez3(2)

x(3)
                (.LO, .L, .UP, .M = 0, 0, +INF, 0)
     -147       ucelfce
       27.55    omez0(1)
       21.3     omez0(2)
       33.4     omez0(3)
       22.7     omez0(4)
       27.55    omez1(1)
       21.3     omez1(2)
       33.4     omez1(3)
       22.7     omez1(4)
        1       omez2(3)
        1       omez3(3)


---- yp  

yp(1)
                (.LO, .L, .UP, .M = 0, 0, 1000, 0)
        1       omez0(1)

yp(2)
                (.LO, .L, .UP, .M = 0, 0, 1000, 0)
        1       omez0(2)

yp(3)
                (.LO, .L, .UP, .M = 0, 0, 1000, 0)
        1       omez0(3)

REMAINING ENTRY SKIPPED

---- ym  

ym(1)
                (.LO, .L, .UP, .M = 0, 0, 1000, 0)
       22.5     ucelfce
       -1       omez0(1)

ym(2)
                (.LO, .L, .UP, .M = 0, 0, 1000, 0)
       23.5     ucelfce
       -1       omez0(2)

ym(3)
                (.LO, .L, .UP, .M = 0, 0, 1000, 0)
       17       ucelfce
       -1       omez0(3)

REMAINING ENTRY SKIPPED
GAMS 49.4.0  6fb2fe8b Apr 6, 2025           WEX-WEI x86 64bit/MS Windows - 04/30/25 20:37:07 Page 4
G e n e r a l   A l g e b r a i c   M o d e l i n g   S y s t e m
Range Statistics    SOLVE vyroba Using LP From line 77


RANGE STATISTICS (ABSOLUTE NON-ZERO FINITE VALUES)

RHS       [min, max] : [ 2.000E+01, 4.500E+03] - Zero values observed as well
Bound     [min, max] : [ 1.000E+03, 1.000E+03] - Zero values observed as well
Matrix    [min, max] : [ 1.000E+00, 1.500E+02]

GAMS 49.4.0  6fb2fe8b Apr 6, 2025           WEX-WEI x86 64bit/MS Windows - 04/30/25 20:37:07 Page 5
G e n e r a l   A l g e b r a i c   M o d e l i n g   S y s t e m
Model Statistics    SOLVE vyroba Using LP From line 77


MODEL STATISTICS

BLOCKS OF EQUATIONS           5     SINGLE EQUATIONS           15
BLOCKS OF VARIABLES           4     SINGLE VARIABLES           12
NON ZERO ELEMENTS            45


GENERATION TIME      =        0.000 SECONDS      4 MB  49.4.0 6fb2fe8b WEX-WEI
GAMS 49.4.0  6fb2fe8b Apr 6, 2025           WEX-WEI x86 64bit/MS Windows - 04/30/25 20:37:07 Page 6
G e n e r a l   A l g e b r a i c   M o d e l i n g   S y s t e m
Solution Report     SOLVE vyroba Using LP From line 77


               S O L V E      S U M M A R Y

     MODEL   vyroba              OBJECTIVE  z
     TYPE    LP                  DIRECTION  MAXIMIZE
     SOLVER  CPLEX               FROM LINE  77

**** SOLVER STATUS     1 Normal Completion
**** MODEL STATUS      1 Optimal
**** OBJECTIVE VALUE            20092.4813

 RESOURCE USAGE, LIMIT          0.000 10000000000.000
 ITERATION COUNT, LIMIT         2    2147483647
*** This solver runs with a community license. No commercial use.
--- GMO setup time: 0.00s
--- GMO memory 0.50 Mb (peak 0.50 Mb)
--- Dictionary memory 0.00 Mb
--- Cplex 22.1.2.0 link memory 0.00 Mb (peak 0.00 Mb)
--- Starting Cplex


--- LP status (1): optimal.
--- Cplex Time: 0.00sec (det. 0.02 ticks)


Optimal solution found
Objective:        20092.481298


                           LOWER          LEVEL          UPPER         MARGINAL

---- EQU ucelfce             .              .              .             1.0000      

---- EQU omez0  

         LOWER          LEVEL          UPPER         MARGINAL

1      4000.0000      4000.0000      4000.0000         EPS         
2      3000.0000      3000.0000      3000.0000         2.9752      
3      4500.0000      4500.0000      4500.0000         2.5038      
4      3000.0000      3000.0000      3000.0000         EPS         

---- EQU omez1  

         LOWER          LEVEL          UPPER         MARGINAL

1      1000.0000      3823.0389        +INF             .          
2      1500.0000      3000.0000        +INF             .          
3      4000.0000      4500.0000        +INF             .          
4       800.0000      2968.9874        +INF             .          

---- EQU omez2  

         LOWER          LEVEL          UPPER         MARGINAL

1        -INF           39.1726       100.0000          .          
2        -INF           40.0000       100.0000          .          
3        -INF           57.2276       100.0000          .          

---- EQU omez3  

         LOWER          LEVEL          UPPER         MARGINAL

1        20.0000        39.1726        +INF             .          
2        40.0000        40.0000        +INF           -2.5100      
3        20.0000        57.2276        +INF             .          

                           LOWER          LEVEL          UPPER         MARGINAL

---- VAR z                 -INF        20092.4813        +INF             .          

---- VAR x  

         LOWER          LEVEL          UPPER         MARGINAL

1          .            39.1726        +INF             .          
2          .            40.0000        +INF             .          
3          .            57.2276        +INF             .          

---- VAR yp  

         LOWER          LEVEL          UPPER         MARGINAL

1          .           176.9611      1000.0000          .          
2          .              .          1000.0000        -2.9752      
3          .              .          1000.0000        -2.5038      
4          .            31.0126      1000.0000          .          

---- VAR ym  

         LOWER          LEVEL          UPPER         MARGINAL

1          .              .          1000.0000       -22.5000      
2          .              .          1000.0000       -20.5248      
3          .              .          1000.0000       -14.4962      
4          .              .          1000.0000         EPS         


**** REPORT SUMMARY :        0     NONOPT
                             0 INFEASIBLE
                             0  UNBOUNDED
GAMS 49.4.0  6fb2fe8b Apr 6, 2025           WEX-WEI x86 64bit/MS Windows - 04/30/25 20:37:07 Page 7
G e n e r a l   A l g e b r a i c   M o d e l i n g   S y s t e m
E x e c u t i o n


----     78 VARIABLE z.L                   =    20092.481  

----     78 VARIABLE x.L  

1 39.173,    2 40.000,    3 57.228

GAMS 49.4.0  6fb2fe8b Apr 6, 2025           WEX-WEI x86 64bit/MS Windows - 04/30/25 20:37:07 Page 8
G e n e r a l   A l g e b r a i c   M o d e l i n g   S y s t e m
Equation Listing    SOLVE vyroba Using LP From line 133


---- ucelfce  =E=  

ucelfce..  z - 145*x(1) - 150*x(2) - 147*x(3) + 10*ym(1) + 20*ym(2) + 30*ym(3) =E= 0 ; (LHS = -3.63797880709171E-12, INFES = 3.63797880709171E-12 ****)
     

---- omez0  =E=  

omez0(1)..  30*x(1) + 28*x(2) + 27*x(3) + yp(1) - ym(1) =E= 4000 ; (LHS = 4017.28373141055, INFES = 17.2837314105454 ****)
     
omez0(2)..  22*x(1) + 23*x(2) + 21*x(3) + yp(2) - ym(2) =E= 3000 ; (LHS = 2983.57638575935, INFES = 16.4236142406489 ****)
     
omez0(3)..  31*x(1) + 34*x(2) + 34*x(3) + yp(3) - ym(3) =E= 4500 ; (LHS = 4520.08832807571, INFES = 20.0883280757098 ****)
     
REMAINING ENTRY SKIPPED


---- omez1  =G=  

omez1(1)..  30*x(1) + 28*x(2) + 27*x(3) =G= 1000 ; (LHS = 3840.32266786841)
     
omez1(2)..  22*x(1) + 23*x(2) + 21*x(3) =G= 1500 ; (LHS = 2983.57638575935)
     
omez1(3)..  31*x(1) + 34*x(2) + 34*x(3) =G= 4000 ; (LHS = 4520.08832807571)
     
REMAINING ENTRY SKIPPED


---- omez2  =L=  

omez2(1)..  x(1) =L= 100 ; (LHS = 39.1726002703921)
     
omez2(2)..  x(2) =L= 100 ; (LHS = 40)
     
omez2(3)..  x(3) =L= 100 ; (LHS = 57.2275799909869)
     

---- omez3  =G=  

omez3(1)..  x(1) =G= 20 ; (LHS = 39.1726002703921)
     
omez3(2)..  x(2) =G= 40 ; (LHS = 40)
     
omez3(3)..  x(3) =G= 20 ; (LHS = 57.2275799909869)
     
GAMS 49.4.0  6fb2fe8b Apr 6, 2025           WEX-WEI x86 64bit/MS Windows - 04/30/25 20:37:07 Page 9
G e n e r a l   A l g e b r a i c   M o d e l i n g   S y s t e m
Column Listing      SOLVE vyroba Using LP From line 133


---- z  

z
                (.LO, .L, .UP, .M = -INF, 20092.4812978819, +INF, 0)
        1       ucelfce


---- x  

x(1)
                (.LO, .L, .UP, .M = 39.1726002703921, 39.1726002703921, 39.1726002703921, 0)
     -145       ucelfce
       30       omez0(1)
       22       omez0(2)
       31       omez0(3)
       24       omez0(4)
       30       omez1(1)
       22       omez1(2)
       31       omez1(3)
       24       omez1(4)
        1       omez2(1)
        1       omez3(1)

x(2)
                (.LO, .L, .UP, .M = 40, 40, 40, 0)
     -150       ucelfce
       28       omez0(1)
       23       omez0(2)
       34       omez0(3)
       20       omez0(4)
       28       omez1(1)
       23       omez1(2)
       34       omez1(3)
       20       omez1(4)
        1       omez2(2)
        1       omez3(2)

x(3)
                (.LO, .L, .UP, .M = 57.2275799909869, 57.2275799909869, 57.2275799909869, 0)
     -147       ucelfce
       27       omez0(1)
       21       omez0(2)
       34       omez0(3)
       24       omez0(4)
       27       omez1(1)
       21       omez1(2)
       34       omez1(3)
       24       omez1(4)
        1       omez2(3)
        1       omez3(3)


---- yp  

yp(1)
                (.LO, .L, .UP, .M = 0, 176.961063542136, 1000, 0)
        1       omez0(1)

yp(2)
                (.LO, .L, .UP, .M = 0, 0, 1000, -2.97521406038757)
        1       omez0(2)

yp(3)
                (.LO, .L, .UP, .M = 0, 0, 1000, -2.50383055430374)
        1       omez0(3)

REMAINING ENTRY SKIPPED

---- ym  

ym(1)
                (.LO, .L, .UP, .M = 0, 0, 1000, -22.5)
       10       ucelfce
       -1       omez0(1)

ym(2)
                (.LO, .L, .UP, .M = 0, 0, 1000, -20.5247859396124)
       20       ucelfce
       -1       omez0(2)

ym(3)
                (.LO, .L, .UP, .M = 0, 0, 1000, -14.4961694456963)
       30       ucelfce
       -1       omez0(3)

REMAINING ENTRY SKIPPED
GAMS 49.4.0  6fb2fe8b Apr 6, 2025           WEX-WEI x86 64bit/MS Windows - 04/30/25 20:37:07 Page 10
G e n e r a l   A l g e b r a i c   M o d e l i n g   S y s t e m
Range Statistics    SOLVE vyroba Using LP From line 133


RANGE STATISTICS (ABSOLUTE NON-ZERO FINITE VALUES)

RHS       [min, max] : [ 2.000E+01, 4.500E+03] - Zero values observed as well
Bound     [min, max] : [ 3.917E+01, 1.000E+03] - Zero values observed as well
Matrix    [min, max] : [ 1.000E+00, 1.500E+02]

GAMS 49.4.0  6fb2fe8b Apr 6, 2025           WEX-WEI x86 64bit/MS Windows - 04/30/25 20:37:07 Page 11
G e n e r a l   A l g e b r a i c   M o d e l i n g   S y s t e m
Model Statistics    SOLVE vyroba Using LP From line 133


LOOPS                                    s   1


MODEL STATISTICS

BLOCKS OF EQUATIONS           5     SINGLE EQUATIONS           15
BLOCKS OF VARIABLES           4     SINGLE VARIABLES           12
NON ZERO ELEMENTS            45


GENERATION TIME      =        0.000 SECONDS      4 MB  49.4.0 6fb2fe8b WEX-WEI
               L O O P S                  s 1

GAMS 49.4.0  6fb2fe8b Apr 6, 2025           WEX-WEI x86 64bit/MS Windows - 04/30/25 20:37:07 Page 12
G e n e r a l   A l g e b r a i c   M o d e l i n g   S y s t e m
Solution Report     SOLVE vyroba Using LP From line 133


               S O L V E      S U M M A R Y

     MODEL   vyroba              OBJECTIVE  z
     TYPE    LP                  DIRECTION  MAXIMIZE
     SOLVER  CPLEX               FROM LINE  133

**** SOLVER STATUS     1 Normal Completion
**** MODEL STATUS      1 Optimal
**** OBJECTIVE VALUE            19489.8315

 RESOURCE USAGE, LIMIT          0.000 10000000000.000
 ITERATION COUNT, LIMIT         0    2147483647
*** This solver runs with a community license. No commercial use.
--- GMO setup time: 0.00s
--- GMO memory 0.50 Mb (peak 0.50 Mb)
--- Dictionary memory 0.00 Mb
--- Cplex 22.1.2.0 link memory 0.00 Mb (peak 0.00 Mb)
--- Starting Cplex


--- LP status (1): optimal.
--- Cplex Time: 0.00sec (det. 0.02 ticks)


Optimal solution found
Objective:        19489.831456


                           LOWER          LEVEL          UPPER         MARGINAL

---- EQU ucelfce             .              .              .             1.0000      

---- EQU omez0  

         LOWER          LEVEL          UPPER         MARGINAL

1      4000.0000      4000.0000      4000.0000         EPS         
2      3000.0000      3000.0000      3000.0000         EPS         
3      4500.0000      4500.0000      4500.0000        30.0000      
4      3000.0000      3000.0000      3000.0000         EPS         

---- EQU omez1  

         LOWER          LEVEL          UPPER         MARGINAL

1      1000.0000      3840.3227        +INF             .          
2      1500.0000      2983.5764        +INF             .          
3      4000.0000      4520.0883        +INF             .          
4       800.0000      3113.6043        +INF             .          

---- EQU omez2  

         LOWER          LEVEL          UPPER         MARGINAL

1        -INF           39.1726       100.0000          .          
2        -INF           40.0000       100.0000          .          
3        -INF           57.2276       100.0000          .          

---- EQU omez3  

         LOWER          LEVEL          UPPER         MARGINAL

1        20.0000        39.1726        +INF             .          
2        40.0000        40.0000        +INF             .          
3        20.0000        57.2276        +INF             .          

                           LOWER          LEVEL          UPPER         MARGINAL

---- VAR z                 -INF        19489.8315        +INF             .          

---- VAR x  

         LOWER          LEVEL          UPPER         MARGINAL

1        39.1726        39.1726        39.1726      -785.0000      
2        40.0000        40.0000        40.0000      -870.0000      
3        57.2276        57.2276        57.2276      -873.0000      

---- VAR yp  

         LOWER          LEVEL          UPPER         MARGINAL

1          .           159.6773      1000.0000          .          
2          .            16.4236      1000.0000          .          
3          .              .          1000.0000       -30.0000      
4          .              .          1000.0000         EPS         

---- VAR ym  

         LOWER          LEVEL          UPPER         MARGINAL

1          .              .          1000.0000       -10.0000      
2          .              .          1000.0000       -20.0000      
3          .            20.0883      1000.0000          .          
4          .           113.6043      1000.0000          .          


**** REPORT SUMMARY :        0     NONOPT
                             0 INFEASIBLE
                             0  UNBOUNDED
GAMS 49.4.0  6fb2fe8b Apr 6, 2025           WEX-WEI x86 64bit/MS Windows - 04/30/25 20:37:07 Page 13
G e n e r a l   A l g e b r a i c   M o d e l i n g   S y s t e m
E x e c u t i o n


----    134 VARIABLE z.L                   =    19489.831  

----    134 VARIABLE x.L  

1 39.173,    2 40.000,    3 57.228

GAMS 49.4.0  6fb2fe8b Apr 6, 2025           WEX-WEI x86 64bit/MS Windows - 04/30/25 20:37:07 Page 14
G e n e r a l   A l g e b r a i c   M o d e l i n g   S y s t e m
Equation Listing    SOLVE vyroba Using LP From line 133


---- ucelfce  =E=  

ucelfce..  z - 145*x(1) - 150*x(2) - 147*x(3) + 20*ym(1) + 30*ym(2) + 10*ym(3) =E= 0 ; (LHS = -401.766561514196, INFES = 401.766561514196 ****)
     

---- omez0  =E=  

omez0(1)..  30*x(1) + 27*x(2) + 26*x(3) + yp(1) - ym(1) =E= 4000 ; (LHS = 3902.77242000901, INFES = 97.2275799909867 ****)
     
omez0(2)..  22*x(1) + 23*x(2) + 21*x(3) + yp(2) - ym(2) =E= 3000 ; (LHS = 3000)
     
omez0(3)..  31*x(1) + 35*x(2) + 34*x(3) + yp(3) - ym(3) =E= 4500 ; (LHS = 4540, INFES = 40 ****)
     
REMAINING ENTRY SKIPPED


---- omez1  =G=  

omez1(1)..  30*x(1) + 27*x(2) + 26*x(3) =G= 1000 ; (LHS = 3743.09508787742)
     
omez1(2)..  22*x(1) + 23*x(2) + 21*x(3) =G= 1500 ; (LHS = 2983.57638575935)
     
omez1(3)..  31*x(1) + 35*x(2) + 34*x(3) =G= 4000 ; (LHS = 4560.08832807571)
     
REMAINING ENTRY SKIPPED


---- omez2  =L=  

omez2(1)..  x(1) =L= 100 ; (LHS = 39.1726002703921)
     
omez2(2)..  x(2) =L= 100 ; (LHS = 40)
     
omez2(3)..  x(3) =L= 100 ; (LHS = 57.2275799909869)
     

---- omez3  =G=  

omez3(1)..  x(1) =G= 20 ; (LHS = 39.1726002703921)
     
omez3(2)..  x(2) =G= 40 ; (LHS = 40)
     
omez3(3)..  x(3) =G= 20 ; (LHS = 57.2275799909869)
     
GAMS 49.4.0  6fb2fe8b Apr 6, 2025           WEX-WEI x86 64bit/MS Windows - 04/30/25 20:37:07 Page 15
G e n e r a l   A l g e b r a i c   M o d e l i n g   S y s t e m
Column Listing      SOLVE vyroba Using LP From line 133


---- z  

z
                (.LO, .L, .UP, .M = -INF, 19489.8314556106, +INF, 0)
        1       ucelfce


---- x  

x(1)
                (.LO, .L, .UP, .M = 39.1726002703921, 39.1726002703921, 39.1726002703921, -785)
     -145       ucelfce
       30       omez0(1)
       22       omez0(2)
       31       omez0(3)
       23       omez0(4)
       30       omez1(1)
       22       omez1(2)
       31       omez1(3)
       23       omez1(4)
        1       omez2(1)
        1       omez3(1)

x(2)
                (.LO, .L, .UP, .M = 40, 40, 40, -870)
     -150       ucelfce
       27       omez0(1)
       23       omez0(2)
       35       omez0(3)
       21       omez0(4)
       27       omez1(1)
       23       omez1(2)
       35       omez1(3)
       21       omez1(4)
        1       omez2(2)
        1       omez3(2)

x(3)
                (.LO, .L, .UP, .M = 57.2275799909869, 57.2275799909869, 57.2275799909869, -873)
     -147       ucelfce
       26       omez0(1)
       21       omez0(2)
       34       omez0(3)
       22       omez0(4)
       26       omez1(1)
       21       omez1(2)
       34       omez1(3)
       22       omez1(4)
        1       omez2(3)
        1       omez3(3)


---- yp  

yp(1)
                (.LO, .L, .UP, .M = 0, 159.67733213159, 1000, 0)
        1       omez0(1)

yp(2)
                (.LO, .L, .UP, .M = 0, 16.4236142406489, 1000, 0)
        1       omez0(2)

yp(3)
                (.LO, .L, .UP, .M = 0, 0, 1000, -30)
        1       omez0(3)

REMAINING ENTRY SKIPPED

---- ym  

ym(1)
                (.LO, .L, .UP, .M = 0, 0, 1000, -10)
       20       ucelfce
       -1       omez0(1)

ym(2)
                (.LO, .L, .UP, .M = 0, 0, 1000, -20)
       30       ucelfce
       -1       omez0(2)

ym(3)
                (.LO, .L, .UP, .M = 0, 20.0883280757098, 1000, 0)
       10       ucelfce
       -1       omez0(3)

REMAINING ENTRY SKIPPED
GAMS 49.4.0  6fb2fe8b Apr 6, 2025           WEX-WEI x86 64bit/MS Windows - 04/30/25 20:37:07 Page 16
G e n e r a l   A l g e b r a i c   M o d e l i n g   S y s t e m
Range Statistics    SOLVE vyroba Using LP From line 133


RANGE STATISTICS (ABSOLUTE NON-ZERO FINITE VALUES)

RHS       [min, max] : [ 2.000E+01, 4.500E+03] - Zero values observed as well
Bound     [min, max] : [ 3.917E+01, 1.000E+03] - Zero values observed as well
Matrix    [min, max] : [ 1.000E+00, 1.500E+02]

GAMS 49.4.0  6fb2fe8b Apr 6, 2025           WEX-WEI x86 64bit/MS Windows - 04/30/25 20:37:07 Page 17
G e n e r a l   A l g e b r a i c   M o d e l i n g   S y s t e m
Model Statistics    SOLVE vyroba Using LP From line 133


LOOPS                                    s   2


MODEL STATISTICS

BLOCKS OF EQUATIONS           5     SINGLE EQUATIONS           15
BLOCKS OF VARIABLES           4     SINGLE VARIABLES           12
NON ZERO ELEMENTS            45


GENERATION TIME      =        0.000 SECONDS      4 MB  49.4.0 6fb2fe8b WEX-WEI
               L O O P S                  s 2

GAMS 49.4.0  6fb2fe8b Apr 6, 2025           WEX-WEI x86 64bit/MS Windows - 04/30/25 20:37:07 Page 18
G e n e r a l   A l g e b r a i c   M o d e l i n g   S y s t e m
Solution Report     SOLVE vyroba Using LP From line 133


               S O L V E      S U M M A R Y

     MODEL   vyroba              OBJECTIVE  z
     TYPE    LP                  DIRECTION  MAXIMIZE
     SOLVER  CPLEX               FROM LINE  133

**** SOLVER STATUS     1 Normal Completion
**** MODEL STATUS      1 Optimal
**** OBJECTIVE VALUE            19491.5980

 RESOURCE USAGE, LIMIT          0.000 10000000000.000
 ITERATION COUNT, LIMIT         0    2147483647
*** This solver runs with a community license. No commercial use.
--- GMO setup time: 0.00s
--- GMO memory 0.50 Mb (peak 0.50 Mb)
--- Dictionary memory 0.00 Mb
--- Cplex 22.1.2.0 link memory 0.00 Mb (peak 0.00 Mb)
--- Starting Cplex


--- LP status (1): optimal.
--- Cplex Time: 0.00sec (det. 0.02 ticks)


Optimal solution found
Objective:        19491.598017


                           LOWER          LEVEL          UPPER         MARGINAL

---- EQU ucelfce             .              .              .             1.0000      

---- EQU omez0  

         LOWER          LEVEL          UPPER         MARGINAL

1      4000.0000      4000.0000      4000.0000         EPS         
2      3000.0000      3000.0000      3000.0000         EPS         
3      4500.0000      4500.0000      4500.0000        10.0000      
4      3000.0000      3000.0000      3000.0000         EPS         

---- EQU omez1  

         LOWER          LEVEL          UPPER         MARGINAL

1      1000.0000      3743.0951        +INF             .          
2      1500.0000      2983.5764        +INF             .          
3      4000.0000      4560.0883        +INF             .          
4       800.0000      2999.9766        +INF             .          

---- EQU omez2  

         LOWER          LEVEL          UPPER         MARGINAL

1        -INF           39.1726       100.0000          .          
2        -INF           40.0000       100.0000          .          
3        -INF           57.2276       100.0000          .          

---- EQU omez3  

         LOWER          LEVEL          UPPER         MARGINAL

1        20.0000        39.1726        +INF             .          
2        40.0000        40.0000        +INF             .          
3        20.0000        57.2276        +INF             .          

                           LOWER          LEVEL          UPPER         MARGINAL

---- VAR z                 -INF        19491.5980        +INF             .          

---- VAR x  

         LOWER          LEVEL          UPPER         MARGINAL

1        39.1726        39.1726        39.1726      -165.0000      
2        40.0000        40.0000        40.0000      -200.0000      
3        57.2276        57.2276        57.2276      -193.0000      

---- VAR yp  

         LOWER          LEVEL          UPPER         MARGINAL

1          .           256.9049      1000.0000          .          
2          .            16.4236      1000.0000          .          
3          .              .          1000.0000       -10.0000      
4          .             0.0234      1000.0000          .          

---- VAR ym  

         LOWER          LEVEL          UPPER         MARGINAL

1          .              .          1000.0000       -20.0000      
2          .              .          1000.0000       -30.0000      
3          .            60.0883      1000.0000          .          
4          .              .          1000.0000         EPS         


**** REPORT SUMMARY :        0     NONOPT
                             0 INFEASIBLE
                             0  UNBOUNDED
GAMS 49.4.0  6fb2fe8b Apr 6, 2025           WEX-WEI x86 64bit/MS Windows - 04/30/25 20:37:07 Page 19
G e n e r a l   A l g e b r a i c   M o d e l i n g   S y s t e m
E x e c u t i o n


----    134 VARIABLE z.L                   =    19491.598  

----    134 VARIABLE x.L  

1 39.173,    2 40.000,    3 57.228

GAMS 49.4.0  6fb2fe8b Apr 6, 2025           WEX-WEI x86 64bit/MS Windows - 04/30/25 20:37:07 Page 20
G e n e r a l   A l g e b r a i c   M o d e l i n g   S y s t e m
Equation Listing    SOLVE vyroba Using LP From line 133


---- ucelfce  =E=  

ucelfce..  z - 145*x(1) - 150*x(2) - 147*x(3) + 40*ym(1) + 20*ym(2) + 10*ym(3) =E= 0 ; (LHS = 0)
     

---- omez0  =E=  

omez0(1)..  25*x(1) + 30*x(2) + 30*x(3) + yp(1) - ym(1) =E= 4000 ; (LHS = 4153.04731861199, INFES = 153.047318611987 ****)
     
omez0(2)..  25*x(1) + 20*x(2) + 22*x(3) + yp(2) - ym(2) =E= 3000 ; (LHS = 3054.74538080216, INFES = 54.7453808021633 ****)
     
omez0(3)..  30*x(1) + 35*x(2) + 32*x(3) + yp(3) - ym(3) =E= 4500 ; (LHS = 4346.37223974763, INFES = 153.627760252366 ****)
     
REMAINING ENTRY SKIPPED


---- omez1  =G=  

omez1(1)..  25*x(1) + 30*x(2) + 30*x(3) =G= 1000 ; (LHS = 3896.14240648941)
     
omez1(2)..  25*x(1) + 20*x(2) + 22*x(3) =G= 1500 ; (LHS = 3038.32176656151)
     
omez1(3)..  30*x(1) + 35*x(2) + 32*x(3) =G= 4000 ; (LHS = 4406.46056782334)
     
REMAINING ENTRY SKIPPED


---- omez2  =L=  

omez2(1)..  x(1) =L= 100 ; (LHS = 39.1726002703921)
     
omez2(2)..  x(2) =L= 100 ; (LHS = 40)
     
omez2(3)..  x(3) =L= 100 ; (LHS = 57.2275799909869)
     

---- omez3  =G=  

omez3(1)..  x(1) =G= 20 ; (LHS = 39.1726002703921)
     
omez3(2)..  x(2) =G= 40 ; (LHS = 40)
     
omez3(3)..  x(3) =G= 20 ; (LHS = 57.2275799909869)
     
GAMS 49.4.0  6fb2fe8b Apr 6, 2025           WEX-WEI x86 64bit/MS Windows - 04/30/25 20:37:07 Page 21
G e n e r a l   A l g e b r a i c   M o d e l i n g   S y s t e m
Column Listing      SOLVE vyroba Using LP From line 133


---- z  

z
                (.LO, .L, .UP, .M = -INF, 19491.5980171248, +INF, 0)
        1       ucelfce


---- x  

x(1)
                (.LO, .L, .UP, .M = 39.1726002703921, 39.1726002703921, 39.1726002703921, -165)
     -145       ucelfce
       25       omez0(1)
       25       omez0(2)
       30       omez0(3)
       18       omez0(4)
       25       omez1(1)
       25       omez1(2)
       30       omez1(3)
       18       omez1(4)
        1       omez2(1)
        1       omez3(1)

x(2)
                (.LO, .L, .UP, .M = 40, 40, 40, -200)
     -150       ucelfce
       30       omez0(1)
       20       omez0(2)
       35       omez0(3)
       20       omez0(4)
       30       omez1(1)
       20       omez1(2)
       35       omez1(3)
       20       omez1(4)
        1       omez2(2)
        1       omez3(2)

x(3)
                (.LO, .L, .UP, .M = 57.2275799909869, 57.2275799909869, 57.2275799909869, -193)
     -147       ucelfce
       30       omez0(1)
       22       omez0(2)
       32       omez0(3)
       22       omez0(4)
       30       omez1(1)
       22       omez1(2)
       32       omez1(3)
       22       omez1(4)
        1       omez2(3)
        1       omez3(3)


---- yp  

yp(1)
                (.LO, .L, .UP, .M = 0, 256.904912122577, 1000, 0)
        1       omez0(1)

yp(2)
                (.LO, .L, .UP, .M = 0, 16.4236142406489, 1000, 0)
        1       omez0(2)

yp(3)
                (.LO, .L, .UP, .M = 0, 0, 1000, -10)
        1       omez0(3)

REMAINING ENTRY SKIPPED

---- ym  

ym(1)
                (.LO, .L, .UP, .M = 0, 0, 1000, -20)
       40       ucelfce
       -1       omez0(1)

ym(2)
                (.LO, .L, .UP, .M = 0, 0, 1000, -30)
       20       ucelfce
       -1       omez0(2)

ym(3)
                (.LO, .L, .UP, .M = 0, 60.0883280757098, 1000, 0)
       10       ucelfce
       -1       omez0(3)

REMAINING ENTRY SKIPPED
GAMS 49.4.0  6fb2fe8b Apr 6, 2025           WEX-WEI x86 64bit/MS Windows - 04/30/25 20:37:07 Page 22
G e n e r a l   A l g e b r a i c   M o d e l i n g   S y s t e m
Range Statistics    SOLVE vyroba Using LP From line 133


RANGE STATISTICS (ABSOLUTE NON-ZERO FINITE VALUES)

RHS       [min, max] : [ 2.000E+01, 4.500E+03] - Zero values observed as well
Bound     [min, max] : [ 3.917E+01, 1.000E+03] - Zero values observed as well
Matrix    [min, max] : [ 1.000E+00, 1.500E+02]

GAMS 49.4.0  6fb2fe8b Apr 6, 2025           WEX-WEI x86 64bit/MS Windows - 04/30/25 20:37:07 Page 23
G e n e r a l   A l g e b r a i c   M o d e l i n g   S y s t e m
Model Statistics    SOLVE vyroba Using LP From line 133


LOOPS                                    s   3


MODEL STATISTICS

BLOCKS OF EQUATIONS           5     SINGLE EQUATIONS           15
BLOCKS OF VARIABLES           4     SINGLE VARIABLES           12
NON ZERO ELEMENTS            45


GENERATION TIME      =        0.000 SECONDS      4 MB  49.4.0 6fb2fe8b WEX-WEI
               L O O P S                  s 3

GAMS 49.4.0  6fb2fe8b Apr 6, 2025           WEX-WEI x86 64bit/MS Windows - 04/30/25 20:37:07 Page 24
G e n e r a l   A l g e b r a i c   M o d e l i n g   S y s t e m
Solution Report     SOLVE vyroba Using LP From line 133


               S O L V E      S U M M A R Y

     MODEL   vyroba              OBJECTIVE  z
     TYPE    LP                  DIRECTION  MAXIMIZE
     SOLVER  CPLEX               FROM LINE  133

**** SOLVER STATUS     1 Normal Completion
**** MODEL STATUS      1 Optimal
**** OBJECTIVE VALUE            19326.0460

 RESOURCE USAGE, LIMIT          0.016 10000000000.000
 ITERATION COUNT, LIMIT         0    2147483647
*** This solver runs with a community license. No commercial use.
--- GMO setup time: 0.00s
--- GMO memory 0.50 Mb (peak 0.50 Mb)
--- Dictionary memory 0.00 Mb
--- Cplex 22.1.2.0 link memory 0.00 Mb (peak 0.00 Mb)
--- Starting Cplex


--- LP status (1): optimal.
--- Cplex Time: 0.02sec (det. 0.02 ticks)


Optimal solution found
Objective:        19326.045967


                           LOWER          LEVEL          UPPER         MARGINAL

---- EQU ucelfce             .              .              .             1.0000      

---- EQU omez0  

         LOWER          LEVEL          UPPER         MARGINAL

1      4000.0000      4000.0000      4000.0000         EPS         
2      3000.0000      3000.0000      3000.0000        20.0000      
3      4500.0000      4500.0000      4500.0000         EPS         
4      3000.0000      3000.0000      3000.0000         EPS         

---- EQU omez1  

         LOWER          LEVEL          UPPER         MARGINAL

1      1000.0000      3896.1424        +INF             .          
2      1500.0000      3038.3218        +INF             .          
3      4000.0000      4406.4606        +INF             .          
4       800.0000      2764.1136        +INF             .          

---- EQU omez2  

         LOWER          LEVEL          UPPER         MARGINAL

1        -INF           39.1726       100.0000          .          
2        -INF           40.0000       100.0000          .          
3        -INF           57.2276       100.0000          .          

---- EQU omez3  

         LOWER          LEVEL          UPPER         MARGINAL

1        20.0000        39.1726        +INF             .          
2        40.0000        40.0000        +INF             .          
3        20.0000        57.2276        +INF             .          

                           LOWER          LEVEL          UPPER         MARGINAL

---- VAR z                 -INF        19326.0460        +INF             .          

---- VAR x  

         LOWER          LEVEL          UPPER         MARGINAL

1        39.1726        39.1726        39.1726      -355.0000      
2        40.0000        40.0000        40.0000      -250.0000      
3        57.2276        57.2276        57.2276      -293.0000      

---- VAR yp  

         LOWER          LEVEL          UPPER         MARGINAL

1          .           103.8576      1000.0000          .          
2          .              .          1000.0000       -20.0000      
3          .            93.5394      1000.0000          .          
4          .           235.8864      1000.0000          .          

---- VAR ym  

         LOWER          LEVEL          UPPER         MARGINAL

1          .              .          1000.0000       -40.0000      
2          .            38.3218      1000.0000          .          
3          .              .          1000.0000       -10.0000      
4          .              .          1000.0000         EPS         


**** REPORT SUMMARY :        0     NONOPT
                             0 INFEASIBLE
                             0  UNBOUNDED
GAMS 49.4.0  6fb2fe8b Apr 6, 2025           WEX-WEI x86 64bit/MS Windows - 04/30/25 20:37:07 Page 25
G e n e r a l   A l g e b r a i c   M o d e l i n g   S y s t e m
E x e c u t i o n


----    134 VARIABLE z.L                   =    19326.046  

----    134 VARIABLE x.L  

1 39.173,    2 40.000,    3 57.228


**** REPORT FILE SUMMARY

out D:\gams\Project\TS\vysledky.txt


EXECUTION TIME       =        0.172 SECONDS      4 MB  49.4.0 6fb2fe8b WEX-WEI


USER: Academic User                                  G250418+0003Ac-GEN
      xskurl02@vutbr.cz                                       CLA109379
      License for teaching and research at degree granting institutions


**** FILE SUMMARY

Input      D:\gams\Project\TS\TS_EV.gms
Output     D:\gams\Project\TS\TS_EV.lst
