GAMS 49.1.0  5c4d4ed6 Feb 15, 2025          WEX-WEI x86 64bit/MS Windows - 04/29/25 19:11:02 Page 1
G e n e r a l   A l g e b r a i c   M o d e l i n g   S y s t e m
C o m p i l a t i o n


   3  set i /1 * 4/; #stlpce x
   4  set j /1 * 3/; #riadky y
   5  set s / 1 * 3/;
   6  scalar EzEV, varzEV, szEV;
   7  parameter
   8      b_UP /1 4000,2 3000,3 4500,4 3000/, #Horna hranica suctu v riadku
   9      b_DOWN /1 1000,2 1500,3 4000,4 800/, #Dolna hranica suctu v riadku
  10      x_UP /1 100,2 100,3 100/, # Horna hranica x
  11      x_DOWN /1 20,2 40,3 20/, # Dolna hranica x
  12      qp(i) /1 0, 2 0, 3 0/,
  13      qm(i) /1 10, 2 20, 3 30/, #Naklady na zdroje navic -> TODO: Opytat sa teamu
  14      qms(i,s) "naklad na zdroje navic"  /1.1 10, 2.1 20, 3.1 30,
  15                                          1.2 20, 2.2 30, 3.2 10,
  16                                          1.3 40, 2.3 20, 3.3 10/,
  17      qps(i,s) "naklad na zdroje navic"  /1.1 0, 2.1 0, 3.1 0,
  18                                          1.2 0, 2.2 0, 3.2 0,
  19                                          1.3 0, 2.3 0, 3.3 0/,
  20      c(j) /1 145, 2 150, 3 147/
  21      p(s) /1 0.35,2 0.35,3 0.3/,
  22      as(i,j,s)
  23      /1.1.1 30, 1.2.1 28, 1.3.1 27,
  24       2.1.1 22, 2.2.1 23, 2.3.1 21,
  25       3.1.1 31, 3.2.1 34, 3.3.1 34,
  26       4.1.1 24, 4.2.1 20, 4.3.1 24,
  27       1.1.2 30, 1.2.2 27, 1.3.2 26,
  28       2.1.2 22, 2.2.2 23, 2.3.2 21,
  29       3.1.2 31, 3.2.2 35, 3.3.2 34,
  30       4.1.2 23, 4.2.2 21, 4.3.2 22,
  31       1.1.3 25, 1.2.3 30, 1.3.3 30,
  32       2.1.3 25, 2.2.3 20, 2.3.3 22,
  33       3.1.3 30, 3.2.3 35, 3.3.3 32,
  34       4.1.3 18, 4.2.3 20,4.3.3 22/,
  35      zEVmax(s),
  36      xEVmax(j,s);
  37  table a(i,j)
  38      1   2   3
  39  1   30  28  27
  40  2   22  23  21
  41  3   31  34  34
  42  4   24  20  24;
  43  Variable z;
  44  Positive Variables x(j),yp(i),ym(i);
  45  Equations ucelfce, omez0(i), omez1(i), omez2(j), omez3(j);
  46  ucelfce..           z =E= sum(j, c(j) * x(j)) - sum(i, qm(i)*ym(i) + qp(i)*yp(i));
  47  omez0(i)..          sum( j, a(i,j) * x(j) ) + yp(i) - ym(i) =E= b_UP(i);
  48  omez1(i)..          sum( j, a(i,j) * x(j) ) =G= b_DOWN(i);
  49  omez2(j)..          x(j) =L= x_UP(j);
  50  omez3(j)..          x(j) =G= x_DOWN(j);
  51  model vyroba / ucelfce, omez0, omez1, omez2, omez3 /;
  52  yp.UP(i) = 1000;
  53  ym.UP(i) = 1000;
  54  solve vyroba maximizing z using LP;
  55  display z.L, x.L;
  56  file out / "vysledky.txt" /;
  57  put out;
  58  put "Vysledky a vstupy:" /;
  59  put "==================" / /;
  60  put "s":3, "p(s)":6, "opt?":7, "num?":7, "z_max":12;
  61  loop(j, put "x(" , j.tl:0 , ")":10;);
  62  loop(i, put "b_UP(" , i.tl:0 , ")":10;);
  63  loop(i, put "b_DN(" , i.tl:0 , ")":10;);
  64  loop(j, put "x_UP(" , j.tl:0 , ")":10;);
  65  loop(j, put "x_DN(" , j.tl:0 , ")":10;);
  66  loop(i, loop(j, put "a(" , i.tl:0 , "," , j.tl:0 , ")":10;););
  67  loop(i, put " qp(", i.TL:1, ")":11;);
  68  loop(i, put " qm(", i.TL:1, ")":11;);
  69  put /;
  70   
  71  a(i,j) = sum(s, p(s) * as(i,j,s));
  72  qp(i) = sum(s, p(s) * qps(i,s));
  73  qm(i) = sum(s, p(s) * qms(i,s));
  74   
  75  put "EV":3, "":1, vyroba.modelstat:7:0, vyroba.solvestat:7:0, z.l:12:2;
  76  loop(j,
  77      put x.l(j):10:2;
  78      put "":2
  79      put$(ord(j)=1) "":1;
  80      put$(ord(j)=2) "":1;
  81  );
  82  loop(i,
  83      put b_UP(i):13:2;
  84      put$(ord(i)=1) "":3;
  85      put$(ord(i)=2) "":3;
  86      put$(ord(i)=3) "":3;
  87  );
  88  loop(i,put b_DOWN(i):16:2;);
  89  loop(j, put x_UP(j):16:2;);
  90  loop(j, put x_DOWN(j):16:2;);
  91  loop(i, loop(j,put a(i,j):15:2;););
  92  loop(i,
  93          put qp(i):15:2;
  94          put$(ord(i)=1) "":1;
  95          put$(ord(i)=2) "":1;
  96          put$(ord(i)=3) "":1;
  97  );
  98  loop(i,put qm(i):16:2;);
  99  put /;
 100   
 101  #To Find the current value of X and cap the fucker
 102  x.Lo(j) = x.L(j);
 103  x.Up(j) = x.L(j);
 104   
 105  loop(s,
 106      a(i,j) = as(i,j,s);
 107      qp(i) = qps(i,s);
 108      qm(i) = qms(i,s);
 109   
 110      solve vyroba maximizing z using LP;
 111      display z.L, x.L;
 112   
 113      zEVmax(s) = z.L;
 114      if ((vyroba.modelstat = 4) or (vyroba.modelstat = 19),
 115          zEVmax(s) = -INF
 116      );
 117   
 118      xEVmax(j,s) = x.L(j);
 119      put s.tl:3, p(s):5:3, vyroba.modelstat:3:0, vyroba.solvestat:7:0, z.L:11:2;
 120      loop(j,
 121          put x.L(j):11:2;
 122          put "":1;
 123          put$(ord(j)=1) "":1;
 124          put$(ord(j)=2) "":1;
 125      );
 126      loop(i,
 127          put b_UP(i):14:2;
 128          put$(ord(i)=1) "":2;
 129          put$(ord(i)=2) "":2;
 130          put$(ord(i)=3) "":2;
 131      );
 132      loop(i, put b_DOWN(i):16:2;);
 133      loop(j, put x_UP(j):16:2;);
 134      loop(j, put x_DOWN(j):16:2;);
 135      loop(i, loop(j, put a(i,j):15:2;););
 136      loop(i,
 137          put qp(i):15:2;
 138          put$(ord(i)=1) "":1;
 139          put$(ord(i)=2) "":1;
 140          put$(ord(i)=3) "":1;
 141      );
 142      loop(i,put qm(i):16:2;);
 143      put /;
 144  );
 145   
 146  EzEV   = sum(s,p(s) * zEVmax(s) );
 147  put "EEV    = ", EzEV:10:2 /;
 148  If(EzEV GT -INF,varzEV = sum(s,p(s) * zEVmax(s) * zEVmax(s) ) - EzEV * EzEV;);
 149  If(EzEV EQ -INF, varzEV = UNDF;);
 150  put "varzEV = ", varzEV:10:2 /;
 151  szEV   = sqrt(varzEV);
 152  put "stdzEV = ", szEV:10:2 /;


COMPILATION TIME     =        0.000 SECONDS      3 MB  49.1.0 5c4d4ed6 WEX-WEI
GAMS 49.1.0  5c4d4ed6 Feb 15, 2025          WEX-WEI x86 64bit/MS Windows - 04/29/25 19:11:02 Page 2
G e n e r a l   A l g e b r a i c   M o d e l i n g   S y s t e m
Equation Listing    SOLVE vyroba Using LP From line 54


---- ucelfce  =E=  

ucelfce..  z - 145*x(1) - 150*x(2) - 147*x(3) + 10*ym(1) + 20*ym(2) + 30*ym(3) =E= 0 ; (LHS = 0)
     

---- omez0  =E=  

omez0(1)..  30*x(1) + 28*x(2) + 27*x(3) + yp(1) - ym(1) =E= 4000 ; (LHS = 0, INFES = 4000 ****)
     
omez0(2)..  22*x(1) + 23*x(2) + 21*x(3) + yp(2) - ym(2) =E= 3000 ; (LHS = 0, INFES = 3000 ****)
     
omez0(3)..  31*x(1) + 34*x(2) + 34*x(3) + yp(3) - ym(3) =E= 4500 ; (LHS = 0, INFES = 4500 ****)
     
REMAINING ENTRY SKIPPED


---- omez1  =G=  

omez1(1)..  30*x(1) + 28*x(2) + 27*x(3) =G= 1000 ; (LHS = 0, INFES = 1000 ****)
     
omez1(2)..  22*x(1) + 23*x(2) + 21*x(3) =G= 1500 ; (LHS = 0, INFES = 1500 ****)
     
omez1(3)..  31*x(1) + 34*x(2) + 34*x(3) =G= 4000 ; (LHS = 0, INFES = 4000 ****)
     
REMAINING ENTRY SKIPPED


---- omez2  =L=  

omez2(1)..  x(1) =L= 100 ; (LHS = 0)
     
omez2(2)..  x(2) =L= 100 ; (LHS = 0)
     
omez2(3)..  x(3) =L= 100 ; (LHS = 0)
     

---- omez3  =G=  

omez3(1)..  x(1) =G= 20 ; (LHS = 0, INFES = 20 ****)
     
omez3(2)..  x(2) =G= 40 ; (LHS = 0, INFES = 40 ****)
     
omez3(3)..  x(3) =G= 20 ; (LHS = 0, INFES = 20 ****)
     
GAMS 49.1.0  5c4d4ed6 Feb 15, 2025          WEX-WEI x86 64bit/MS Windows - 04/29/25 19:11:02 Page 3
G e n e r a l   A l g e b r a i c   M o d e l i n g   S y s t e m
Column Listing      SOLVE vyroba Using LP From line 54


---- z  

z
                (.LO, .L, .UP, .M = -INF, 0, +INF, 0)
        1       ucelfce


---- x  

x(1)
                (.LO, .L, .UP, .M = 0, 0, +INF, 0)
     -145       ucelfce
       30       omez0(1)
       22       omez0(2)
       31       omez0(3)
       24       omez0(4)
       30       omez1(1)
       22       omez1(2)
       31       omez1(3)
       24       omez1(4)
        1       omez2(1)
        1       omez3(1)

x(2)
                (.LO, .L, .UP, .M = 0, 0, +INF, 0)
     -150       ucelfce
       28       omez0(1)
       23       omez0(2)
       34       omez0(3)
       20       omez0(4)
       28       omez1(1)
       23       omez1(2)
       34       omez1(3)
       20       omez1(4)
        1       omez2(2)
        1       omez3(2)

x(3)
                (.LO, .L, .UP, .M = 0, 0, +INF, 0)
     -147       ucelfce
       27       omez0(1)
       21       omez0(2)
       34       omez0(3)
       24       omez0(4)
       27       omez1(1)
       21       omez1(2)
       34       omez1(3)
       24       omez1(4)
        1       omez2(3)
        1       omez3(3)


---- yp  

yp(1)
                (.LO, .L, .UP, .M = 0, 0, 1000, 0)
        1       omez0(1)

yp(2)
                (.LO, .L, .UP, .M = 0, 0, 1000, 0)
        1       omez0(2)

yp(3)
                (.LO, .L, .UP, .M = 0, 0, 1000, 0)
        1       omez0(3)

REMAINING ENTRY SKIPPED

---- ym  

ym(1)
                (.LO, .L, .UP, .M = 0, 0, 1000, 0)
       10       ucelfce
       -1       omez0(1)

ym(2)
                (.LO, .L, .UP, .M = 0, 0, 1000, 0)
       20       ucelfce
       -1       omez0(2)

ym(3)
                (.LO, .L, .UP, .M = 0, 0, 1000, 0)
       30       ucelfce
       -1       omez0(3)

REMAINING ENTRY SKIPPED
GAMS 49.1.0  5c4d4ed6 Feb 15, 2025          WEX-WEI x86 64bit/MS Windows - 04/29/25 19:11:02 Page 4
G e n e r a l   A l g e b r a i c   M o d e l i n g   S y s t e m
Range Statistics    SOLVE vyroba Using LP From line 54


RANGE STATISTICS (ABSOLUTE NON-ZERO FINITE VALUES)

RHS       [min, max] : [ 2.000E+01, 4.500E+03] - Zero values observed as well
Bound     [min, max] : [ 1.000E+03, 1.000E+03] - Zero values observed as well
Matrix    [min, max] : [ 1.000E+00, 1.500E+02]

GAMS 49.1.0  5c4d4ed6 Feb 15, 2025          WEX-WEI x86 64bit/MS Windows - 04/29/25 19:11:02 Page 5
G e n e r a l   A l g e b r a i c   M o d e l i n g   S y s t e m
Model Statistics    SOLVE vyroba Using LP From line 54


MODEL STATISTICS

BLOCKS OF EQUATIONS           5     SINGLE EQUATIONS           15
BLOCKS OF VARIABLES           4     SINGLE VARIABLES           12
NON ZERO ELEMENTS            45


GENERATION TIME      =        0.000 SECONDS      4 MB  49.1.0 5c4d4ed6 WEX-WEI
GAMS 49.1.0  5c4d4ed6 Feb 15, 2025          WEX-WEI x86 64bit/MS Windows - 04/29/25 19:11:02 Page 6
G e n e r a l   A l g e b r a i c   M o d e l i n g   S y s t e m
Solution Report     SOLVE vyroba Using LP From line 54


               S O L V E      S U M M A R Y

     MODEL   vyroba              OBJECTIVE  z
     TYPE    LP                  DIRECTION  MAXIMIZE
     SOLVER  CPLEX               FROM LINE  54

**** SOLVER STATUS     1 Normal Completion
**** MODEL STATUS      1 Optimal
**** OBJECTIVE VALUE            20116.4948

 RESOURCE USAGE, LIMIT          0.000 10000000000.000
 ITERATION COUNT, LIMIT         2    2147483647
*** This solver runs with a demo license. No commercial use.
--- GMO setup time: 0.00s
--- GMO memory 0.50 Mb (peak 0.50 Mb)
--- Dictionary memory 0.00 Mb
--- Cplex 22.1.2.0 link memory 0.00 Mb (peak 0.00 Mb)
--- Starting Cplex


--- LP status (1): optimal.
--- Cplex Time: 0.00sec (det. 0.02 ticks)


Optimal solution found
Objective:        20116.494845


                           LOWER          LEVEL          UPPER         MARGINAL

---- EQU ucelfce             .              .              .             1.0000      

---- EQU omez0  

         LOWER          LEVEL          UPPER         MARGINAL

1      4000.0000      4000.0000      4000.0000         EPS         
2      3000.0000      3000.0000      3000.0000         3.8454      
3      4500.0000      4500.0000      4500.0000         1.9485      
4      3000.0000      3000.0000      3000.0000         EPS         

---- EQU omez1  

         LOWER          LEVEL          UPPER         MARGINAL

1      1000.0000      3878.7629        +INF             .          
2      1500.0000      3000.0000        +INF             .          
3      4000.0000      4500.0000        +INF             .          
4       800.0000      3120.8247        +INF             .          

---- EQU omez2  

         LOWER          LEVEL          UPPER         MARGINAL

1        -INF           49.2784       100.0000          .          
2        -INF           40.0000       100.0000          .          
3        -INF           47.4227       100.0000          .          

---- EQU omez3  

         LOWER          LEVEL          UPPER         MARGINAL

1        20.0000        49.2784        +INF             .          
2        40.0000        40.0000        +INF           -4.6907      
3        20.0000        47.4227        +INF             .          

                           LOWER          LEVEL          UPPER         MARGINAL

---- VAR z                 -INF        20116.4948        +INF             .          

---- VAR x  

         LOWER          LEVEL          UPPER         MARGINAL

1          .            49.2784        +INF             .          
2          .            40.0000        +INF             .          
3          .            47.4227        +INF             .          

---- VAR yp  

         LOWER          LEVEL          UPPER         MARGINAL

1          .           121.2371      1000.0000          .          
2          .              .          1000.0000        -3.8454      
3          .              .          1000.0000        -1.9485      
4          .              .          1000.0000         EPS         

---- VAR ym  

         LOWER          LEVEL          UPPER         MARGINAL

1          .              .          1000.0000       -10.0000      
2          .              .          1000.0000       -16.1546      
3          .              .          1000.0000       -28.0515      
4          .           120.8247      1000.0000          .          


**** REPORT SUMMARY :        0     NONOPT
                             0 INFEASIBLE
                             0  UNBOUNDED
GAMS 49.1.0  5c4d4ed6 Feb 15, 2025          WEX-WEI x86 64bit/MS Windows - 04/29/25 19:11:02 Page 7
G e n e r a l   A l g e b r a i c   M o d e l i n g   S y s t e m
E x e c u t i o n


----     55 VARIABLE z.L                   =    20116.495  

----     55 VARIABLE x.L  

1 49.278,    2 40.000,    3 47.423

GAMS 49.1.0  5c4d4ed6 Feb 15, 2025          WEX-WEI x86 64bit/MS Windows - 04/29/25 19:11:02 Page 8
G e n e r a l   A l g e b r a i c   M o d e l i n g   S y s t e m
Equation Listing    SOLVE vyroba Using LP From line 110


---- ucelfce  =E=  

ucelfce..  z - 145*x(1) - 150*x(2) - 147*x(3) + 10*ym(1) + 20*ym(2) + 30*ym(3) =E= 0 ; (LHS = 0)
     

---- omez0  =E=  

omez0(1)..  30*x(1) + 28*x(2) + 27*x(3) + yp(1) - ym(1) =E= 4000 ; (LHS = 4000)
     
omez0(2)..  22*x(1) + 23*x(2) + 21*x(3) + yp(2) - ym(2) =E= 3000 ; (LHS = 3000)
     
omez0(3)..  31*x(1) + 34*x(2) + 34*x(3) + yp(3) - ym(3) =E= 4500 ; (LHS = 4500)
     
REMAINING ENTRY SKIPPED


---- omez1  =G=  

omez1(1)..  30*x(1) + 28*x(2) + 27*x(3) =G= 1000 ; (LHS = 3878.76288659794)
     
omez1(2)..  22*x(1) + 23*x(2) + 21*x(3) =G= 1500 ; (LHS = 3000)
     
omez1(3)..  31*x(1) + 34*x(2) + 34*x(3) =G= 4000 ; (LHS = 4500)
     
REMAINING ENTRY SKIPPED


---- omez2  =L=  

omez2(1)..  x(1) =L= 100 ; (LHS = 49.2783505154639)
     
omez2(2)..  x(2) =L= 100 ; (LHS = 40)
     
omez2(3)..  x(3) =L= 100 ; (LHS = 47.4226804123711)
     

---- omez3  =G=  

omez3(1)..  x(1) =G= 20 ; (LHS = 49.2783505154639)
     
omez3(2)..  x(2) =G= 40 ; (LHS = 40)
     
omez3(3)..  x(3) =G= 20 ; (LHS = 47.4226804123711)
     
GAMS 49.1.0  5c4d4ed6 Feb 15, 2025          WEX-WEI x86 64bit/MS Windows - 04/29/25 19:11:02 Page 9
G e n e r a l   A l g e b r a i c   M o d e l i n g   S y s t e m
Column Listing      SOLVE vyroba Using LP From line 110


---- z  

z
                (.LO, .L, .UP, .M = -INF, 20116.4948453608, +INF, 0)
        1       ucelfce


---- x  

x(1)
                (.LO, .L, .UP, .M = 49.2783505154639, 49.2783505154639, 49.2783505154639, 0)
     -145       ucelfce
       30       omez0(1)
       22       omez0(2)
       31       omez0(3)
       24       omez0(4)
       30       omez1(1)
       22       omez1(2)
       31       omez1(3)
       24       omez1(4)
        1       omez2(1)
        1       omez3(1)

x(2)
                (.LO, .L, .UP, .M = 40, 40, 40, 0)
     -150       ucelfce
       28       omez0(1)
       23       omez0(2)
       34       omez0(3)
       20       omez0(4)
       28       omez1(1)
       23       omez1(2)
       34       omez1(3)
       20       omez1(4)
        1       omez2(2)
        1       omez3(2)

x(3)
                (.LO, .L, .UP, .M = 47.4226804123711, 47.4226804123711, 47.4226804123711, 0)
     -147       ucelfce
       27       omez0(1)
       21       omez0(2)
       34       omez0(3)
       24       omez0(4)
       27       omez1(1)
       21       omez1(2)
       34       omez1(3)
       24       omez1(4)
        1       omez2(3)
        1       omez3(3)


---- yp  

yp(1)
                (.LO, .L, .UP, .M = 0, 121.237113402062, 1000, 0)
        1       omez0(1)

yp(2)
                (.LO, .L, .UP, .M = 0, 0, 1000, -3.84536082474227)
        1       omez0(2)

yp(3)
                (.LO, .L, .UP, .M = 0, 0, 1000, -1.94845360824742)
        1       omez0(3)

REMAINING ENTRY SKIPPED

---- ym  

ym(1)
                (.LO, .L, .UP, .M = 0, 0, 1000, -10)
       10       ucelfce
       -1       omez0(1)

ym(2)
                (.LO, .L, .UP, .M = 0, 0, 1000, -16.1546391752577)
       20       ucelfce
       -1       omez0(2)

ym(3)
                (.LO, .L, .UP, .M = 0, 0, 1000, -28.0515463917526)
       30       ucelfce
       -1       omez0(3)

REMAINING ENTRY SKIPPED
GAMS 49.1.0  5c4d4ed6 Feb 15, 2025          WEX-WEI x86 64bit/MS Windows - 04/29/25 19:11:02 Page 10
G e n e r a l   A l g e b r a i c   M o d e l i n g   S y s t e m
Range Statistics    SOLVE vyroba Using LP From line 110


RANGE STATISTICS (ABSOLUTE NON-ZERO FINITE VALUES)

RHS       [min, max] : [ 2.000E+01, 4.500E+03] - Zero values observed as well
Bound     [min, max] : [ 4.000E+01, 1.000E+03] - Zero values observed as well
Matrix    [min, max] : [ 1.000E+00, 1.500E+02]

GAMS 49.1.0  5c4d4ed6 Feb 15, 2025          WEX-WEI x86 64bit/MS Windows - 04/29/25 19:11:02 Page 11
G e n e r a l   A l g e b r a i c   M o d e l i n g   S y s t e m
Model Statistics    SOLVE vyroba Using LP From line 110


LOOPS                                    s   1


MODEL STATISTICS

BLOCKS OF EQUATIONS           5     SINGLE EQUATIONS           15
BLOCKS OF VARIABLES           4     SINGLE VARIABLES           12
NON ZERO ELEMENTS            45


GENERATION TIME      =        0.016 SECONDS      4 MB  49.1.0 5c4d4ed6 WEX-WEI
               L O O P S                  s 1

GAMS 49.1.0  5c4d4ed6 Feb 15, 2025          WEX-WEI x86 64bit/MS Windows - 04/29/25 19:11:02 Page 12
G e n e r a l   A l g e b r a i c   M o d e l i n g   S y s t e m
Solution Report     SOLVE vyroba Using LP From line 110


               S O L V E      S U M M A R Y

     MODEL   vyroba              OBJECTIVE  z
     TYPE    LP                  DIRECTION  MAXIMIZE
     SOLVER  CPLEX               FROM LINE  110

**** SOLVER STATUS     1 Normal Completion
**** MODEL STATUS      1 Optimal
**** OBJECTIVE VALUE            20116.4948

 RESOURCE USAGE, LIMIT          0.000 10000000000.000
 ITERATION COUNT, LIMIT         0    2147483647
*** This solver runs with a demo license. No commercial use.
--- GMO setup time: 0.00s
--- GMO memory 0.50 Mb (peak 0.50 Mb)
--- Dictionary memory 0.00 Mb
--- Cplex 22.1.2.0 link memory 0.00 Mb (peak 0.00 Mb)
--- Starting Cplex


--- LP status (1): optimal.
--- Cplex Time: 0.00sec (det. 0.02 ticks)


Optimal solution found
Objective:        20116.494845


                           LOWER          LEVEL          UPPER         MARGINAL

---- EQU ucelfce             .              .              .             1.0000      

---- EQU omez0  

         LOWER          LEVEL          UPPER         MARGINAL

1      4000.0000      4000.0000      4000.0000         EPS         
2      3000.0000      3000.0000      3000.0000         EPS         
3      4500.0000      4500.0000      4500.0000         EPS         
4      3000.0000      3000.0000      3000.0000         EPS         

---- EQU omez1  

         LOWER          LEVEL          UPPER         MARGINAL

1      1000.0000      3878.7629        +INF             .          
2      1500.0000      3000.0000        +INF             .          
3      4000.0000      4500.0000        +INF             .          
4       800.0000      3120.8247        +INF             .          

---- EQU omez2  

         LOWER          LEVEL          UPPER         MARGINAL

1        -INF           49.2784       100.0000          .          
2        -INF           40.0000       100.0000          .          
3        -INF           47.4227       100.0000          .          

---- EQU omez3  

         LOWER          LEVEL          UPPER         MARGINAL

1        20.0000        49.2784        +INF             .          
2        40.0000        40.0000        +INF             .          
3        20.0000        47.4227        +INF             .          

                           LOWER          LEVEL          UPPER         MARGINAL

---- VAR z                 -INF        20116.4948        +INF             .          

---- VAR x  

         LOWER          LEVEL          UPPER         MARGINAL

1        49.2784        49.2784        49.2784       145.0000      
2        40.0000        40.0000        40.0000       150.0000      
3        47.4227        47.4227        47.4227       147.0000      

---- VAR yp  

         LOWER          LEVEL          UPPER         MARGINAL

1          .           121.2371      1000.0000          .          
2          .       3.410605E-13      1000.0000          .          
3          .       2.273737E-13      1000.0000          .          
4          .              .          1000.0000         EPS         

---- VAR ym  

         LOWER          LEVEL          UPPER         MARGINAL

1          .              .          1000.0000       -10.0000      
2          .              .          1000.0000       -20.0000      
3          .              .          1000.0000       -30.0000      
4          .           120.8247      1000.0000          .          


**** REPORT SUMMARY :        0     NONOPT
                             0 INFEASIBLE
                             0  UNBOUNDED
GAMS 49.1.0  5c4d4ed6 Feb 15, 2025          WEX-WEI x86 64bit/MS Windows - 04/29/25 19:11:02 Page 13
G e n e r a l   A l g e b r a i c   M o d e l i n g   S y s t e m
E x e c u t i o n


----    111 VARIABLE z.L                   =    20116.495  

----    111 VARIABLE x.L  

1 49.278,    2 40.000,    3 47.423

GAMS 49.1.0  5c4d4ed6 Feb 15, 2025          WEX-WEI x86 64bit/MS Windows - 04/29/25 19:11:02 Page 14
G e n e r a l   A l g e b r a i c   M o d e l i n g   S y s t e m
Equation Listing    SOLVE vyroba Using LP From line 110


---- ucelfce  =E=  

ucelfce..  z - 145*x(1) - 150*x(2) - 147*x(3) + 20*ym(1) + 30*ym(2) + 10*ym(3) =E= 0 ; (LHS = 0)
     

---- omez0  =E=  

omez0(1)..  30*x(1) + 27*x(2) + 26*x(3) + yp(1) - ym(1) =E= 4000 ; (LHS = 3912.57731958763, INFES = 87.4226804123709 ****)
     
omez0(2)..  22*x(1) + 23*x(2) + 21*x(3) + yp(2) - ym(2) =E= 3000 ; (LHS = 3000)
     
omez0(3)..  31*x(1) + 35*x(2) + 34*x(3) + yp(3) - ym(3) =E= 4500 ; (LHS = 4540, INFES = 40 ****)
     
REMAINING ENTRY SKIPPED


---- omez1  =G=  

omez1(1)..  30*x(1) + 27*x(2) + 26*x(3) =G= 1000 ; (LHS = 3791.34020618557)
     
omez1(2)..  22*x(1) + 23*x(2) + 21*x(3) =G= 1500 ; (LHS = 3000)
     
omez1(3)..  31*x(1) + 35*x(2) + 34*x(3) =G= 4000 ; (LHS = 4540)
     
REMAINING ENTRY SKIPPED


---- omez2  =L=  

omez2(1)..  x(1) =L= 100 ; (LHS = 49.2783505154639)
     
omez2(2)..  x(2) =L= 100 ; (LHS = 40)
     
omez2(3)..  x(3) =L= 100 ; (LHS = 47.4226804123711)
     

---- omez3  =G=  

omez3(1)..  x(1) =G= 20 ; (LHS = 49.2783505154639)
     
omez3(2)..  x(2) =G= 40 ; (LHS = 40)
     
omez3(3)..  x(3) =G= 20 ; (LHS = 47.4226804123711)
     
GAMS 49.1.0  5c4d4ed6 Feb 15, 2025          WEX-WEI x86 64bit/MS Windows - 04/29/25 19:11:02 Page 15
G e n e r a l   A l g e b r a i c   M o d e l i n g   S y s t e m
Column Listing      SOLVE vyroba Using LP From line 110


---- z  

z
                (.LO, .L, .UP, .M = -INF, 20116.4948453608, +INF, 0)
        1       ucelfce


---- x  

x(1)
                (.LO, .L, .UP, .M = 49.2783505154639, 49.2783505154639, 49.2783505154639, 145)
     -145       ucelfce
       30       omez0(1)
       22       omez0(2)
       31       omez0(3)
       23       omez0(4)
       30       omez1(1)
       22       omez1(2)
       31       omez1(3)
       23       omez1(4)
        1       omez2(1)
        1       omez3(1)

x(2)
                (.LO, .L, .UP, .M = 40, 40, 40, 150)
     -150       ucelfce
       27       omez0(1)
       23       omez0(2)
       35       omez0(3)
       21       omez0(4)
       27       omez1(1)
       23       omez1(2)
       35       omez1(3)
       21       omez1(4)
        1       omez2(2)
        1       omez3(2)

x(3)
                (.LO, .L, .UP, .M = 47.4226804123711, 47.4226804123711, 47.4226804123711, 147)
     -147       ucelfce
       26       omez0(1)
       21       omez0(2)
       34       omez0(3)
       22       omez0(4)
       26       omez1(1)
       21       omez1(2)
       34       omez1(3)
       22       omez1(4)
        1       omez2(3)
        1       omez3(3)


---- yp  

yp(1)
                (.LO, .L, .UP, .M = 0, 121.237113402062, 1000, 0)
        1       omez0(1)

yp(2)
                (.LO, .L, .UP, .M = 0, 3.41060513164848E-13, 1000, 0)
        1       omez0(2)

yp(3)
                (.LO, .L, .UP, .M = 0, 2.27373675443232E-13, 1000, 0)
        1       omez0(3)

REMAINING ENTRY SKIPPED

---- ym  

ym(1)
                (.LO, .L, .UP, .M = 0, 0, 1000, -10)
       20       ucelfce
       -1       omez0(1)

ym(2)
                (.LO, .L, .UP, .M = 0, 0, 1000, -20)
       30       ucelfce
       -1       omez0(2)

ym(3)
                (.LO, .L, .UP, .M = 0, 0, 1000, -30)
       10       ucelfce
       -1       omez0(3)

REMAINING ENTRY SKIPPED
GAMS 49.1.0  5c4d4ed6 Feb 15, 2025          WEX-WEI x86 64bit/MS Windows - 04/29/25 19:11:02 Page 16
G e n e r a l   A l g e b r a i c   M o d e l i n g   S y s t e m
Range Statistics    SOLVE vyroba Using LP From line 110


RANGE STATISTICS (ABSOLUTE NON-ZERO FINITE VALUES)

RHS       [min, max] : [ 2.000E+01, 4.500E+03] - Zero values observed as well
Bound     [min, max] : [ 4.000E+01, 1.000E+03] - Zero values observed as well
Matrix    [min, max] : [ 1.000E+00, 1.500E+02]

GAMS 49.1.0  5c4d4ed6 Feb 15, 2025          WEX-WEI x86 64bit/MS Windows - 04/29/25 19:11:02 Page 17
G e n e r a l   A l g e b r a i c   M o d e l i n g   S y s t e m
Model Statistics    SOLVE vyroba Using LP From line 110


LOOPS                                    s   2


MODEL STATISTICS

BLOCKS OF EQUATIONS           5     SINGLE EQUATIONS           15
BLOCKS OF VARIABLES           4     SINGLE VARIABLES           12
NON ZERO ELEMENTS            45


GENERATION TIME      =        0.000 SECONDS      4 MB  49.1.0 5c4d4ed6 WEX-WEI
               L O O P S                  s 2

GAMS 49.1.0  5c4d4ed6 Feb 15, 2025          WEX-WEI x86 64bit/MS Windows - 04/29/25 19:11:02 Page 18
G e n e r a l   A l g e b r a i c   M o d e l i n g   S y s t e m
Solution Report     SOLVE vyroba Using LP From line 110


               S O L V E      S U M M A R Y

     MODEL   vyroba              OBJECTIVE  z
     TYPE    LP                  DIRECTION  MAXIMIZE
     SOLVER  CPLEX               FROM LINE  110

**** SOLVER STATUS     1 Normal Completion
**** MODEL STATUS      1 Optimal
**** OBJECTIVE VALUE            19716.4948

 RESOURCE USAGE, LIMIT          0.000 10000000000.000
 ITERATION COUNT, LIMIT         0    2147483647
*** This solver runs with a demo license. No commercial use.
--- GMO setup time: 0.00s
--- GMO memory 0.50 Mb (peak 0.50 Mb)
--- Dictionary memory 0.00 Mb
--- Cplex 22.1.2.0 link memory 0.00 Mb (peak 0.00 Mb)
--- Starting Cplex


--- LP status (1): optimal.
--- Cplex Time: 0.00sec (det. 0.02 ticks)


Optimal solution found
Objective:        19716.494845


                           LOWER          LEVEL          UPPER         MARGINAL

---- EQU ucelfce             .              .              .             1.0000      

---- EQU omez0  

         LOWER          LEVEL          UPPER         MARGINAL

1      4000.0000      4000.0000      4000.0000         EPS         
2      3000.0000      3000.0000      3000.0000         EPS         
3      4500.0000      4500.0000      4500.0000        10.0000      
4      3000.0000      3000.0000      3000.0000         EPS         

---- EQU omez1  

         LOWER          LEVEL          UPPER         MARGINAL

1      1000.0000      3791.3402        +INF             .          
2      1500.0000      3000.0000        +INF             .          
3      4000.0000      4540.0000        +INF             .          
4       800.0000      3016.7010        +INF             .          

---- EQU omez2  

         LOWER          LEVEL          UPPER         MARGINAL

1        -INF           49.2784       100.0000          .          
2        -INF           40.0000       100.0000          .          
3        -INF           47.4227       100.0000          .          

---- EQU omez3  

         LOWER          LEVEL          UPPER         MARGINAL

1        20.0000        49.2784        +INF             .          
2        40.0000        40.0000        +INF             .          
3        20.0000        47.4227        +INF             .          

                           LOWER          LEVEL          UPPER         MARGINAL

---- VAR z                 -INF        19716.4948        +INF             .          

---- VAR x  

         LOWER          LEVEL          UPPER         MARGINAL

1        49.2784        49.2784        49.2784      -165.0000      
2        40.0000        40.0000        40.0000      -200.0000      
3        47.4227        47.4227        47.4227      -193.0000      

---- VAR yp  

         LOWER          LEVEL          UPPER         MARGINAL

1          .           208.6598      1000.0000          .          
2          .       3.410605E-13      1000.0000          .          
3          .              .          1000.0000       -10.0000      
4          .              .          1000.0000         EPS         

---- VAR ym  

         LOWER          LEVEL          UPPER         MARGINAL

1          .              .          1000.0000       -20.0000      
2          .              .          1000.0000       -30.0000      
3          .            40.0000      1000.0000          .          
4          .            16.7010      1000.0000          .          


**** REPORT SUMMARY :        0     NONOPT
                             0 INFEASIBLE
                             0  UNBOUNDED
GAMS 49.1.0  5c4d4ed6 Feb 15, 2025          WEX-WEI x86 64bit/MS Windows - 04/29/25 19:11:02 Page 19
G e n e r a l   A l g e b r a i c   M o d e l i n g   S y s t e m
E x e c u t i o n


----    111 VARIABLE z.L                   =    19716.495  

----    111 VARIABLE x.L  

1 49.278,    2 40.000,    3 47.423

GAMS 49.1.0  5c4d4ed6 Feb 15, 2025          WEX-WEI x86 64bit/MS Windows - 04/29/25 19:11:02 Page 20
G e n e r a l   A l g e b r a i c   M o d e l i n g   S y s t e m
Equation Listing    SOLVE vyroba Using LP From line 110


---- ucelfce  =E=  

ucelfce..  z - 145*x(1) - 150*x(2) - 147*x(3) + 40*ym(1) + 20*ym(2) + 10*ym(3) =E= 0 ; (LHS = 0)
     

---- omez0  =E=  

omez0(1)..  25*x(1) + 30*x(2) + 30*x(3) + yp(1) - ym(1) =E= 4000 ; (LHS = 4063.29896907216, INFES = 63.2989690721643 ****)
     
omez0(2)..  25*x(1) + 20*x(2) + 22*x(3) + yp(2) - ym(2) =E= 3000 ; (LHS = 3075.25773195876, INFES = 75.2577319587631 ****)
     
omez0(3)..  30*x(1) + 35*x(2) + 32*x(3) + yp(3) - ym(3) =E= 4500 ; (LHS = 4355.87628865979, INFES = 144.123711340207 ****)
     
REMAINING ENTRY SKIPPED


---- omez1  =G=  

omez1(1)..  25*x(1) + 30*x(2) + 30*x(3) =G= 1000 ; (LHS = 3854.63917525773)
     
omez1(2)..  25*x(1) + 20*x(2) + 22*x(3) =G= 1500 ; (LHS = 3075.25773195876)
     
omez1(3)..  30*x(1) + 35*x(2) + 32*x(3) =G= 4000 ; (LHS = 4395.87628865979)
     
REMAINING ENTRY SKIPPED


---- omez2  =L=  

omez2(1)..  x(1) =L= 100 ; (LHS = 49.2783505154639)
     
omez2(2)..  x(2) =L= 100 ; (LHS = 40)
     
omez2(3)..  x(3) =L= 100 ; (LHS = 47.4226804123711)
     

---- omez3  =G=  

omez3(1)..  x(1) =G= 20 ; (LHS = 49.2783505154639)
     
omez3(2)..  x(2) =G= 40 ; (LHS = 40)
     
omez3(3)..  x(3) =G= 20 ; (LHS = 47.4226804123711)
     
GAMS 49.1.0  5c4d4ed6 Feb 15, 2025          WEX-WEI x86 64bit/MS Windows - 04/29/25 19:11:02 Page 21
G e n e r a l   A l g e b r a i c   M o d e l i n g   S y s t e m
Column Listing      SOLVE vyroba Using LP From line 110


---- z  

z
                (.LO, .L, .UP, .M = -INF, 19716.4948453608, +INF, 0)
        1       ucelfce


---- x  

x(1)
                (.LO, .L, .UP, .M = 49.2783505154639, 49.2783505154639, 49.2783505154639, -165)
     -145       ucelfce
       25       omez0(1)
       25       omez0(2)
       30       omez0(3)
       18       omez0(4)
       25       omez1(1)
       25       omez1(2)
       30       omez1(3)
       18       omez1(4)
        1       omez2(1)
        1       omez3(1)

x(2)
                (.LO, .L, .UP, .M = 40, 40, 40, -200)
     -150       ucelfce
       30       omez0(1)
       20       omez0(2)
       35       omez0(3)
       20       omez0(4)
       30       omez1(1)
       20       omez1(2)
       35       omez1(3)
       20       omez1(4)
        1       omez2(2)
        1       omez3(2)

x(3)
                (.LO, .L, .UP, .M = 47.4226804123711, 47.4226804123711, 47.4226804123711, -193)
     -147       ucelfce
       30       omez0(1)
       22       omez0(2)
       32       omez0(3)
       22       omez0(4)
       30       omez1(1)
       22       omez1(2)
       32       omez1(3)
       22       omez1(4)
        1       omez2(3)
        1       omez3(3)


---- yp  

yp(1)
                (.LO, .L, .UP, .M = 0, 208.659793814433, 1000, 0)
        1       omez0(1)

yp(2)
                (.LO, .L, .UP, .M = 0, 3.41060513164848E-13, 1000, 0)
        1       omez0(2)

yp(3)
                (.LO, .L, .UP, .M = 0, 0, 1000, -10)
        1       omez0(3)

REMAINING ENTRY SKIPPED

---- ym  

ym(1)
                (.LO, .L, .UP, .M = 0, 0, 1000, -20)
       40       ucelfce
       -1       omez0(1)

ym(2)
                (.LO, .L, .UP, .M = 0, 0, 1000, -30)
       20       ucelfce
       -1       omez0(2)

ym(3)
                (.LO, .L, .UP, .M = 0, 39.9999999999998, 1000, 0)
       10       ucelfce
       -1       omez0(3)

REMAINING ENTRY SKIPPED
GAMS 49.1.0  5c4d4ed6 Feb 15, 2025          WEX-WEI x86 64bit/MS Windows - 04/29/25 19:11:02 Page 22
G e n e r a l   A l g e b r a i c   M o d e l i n g   S y s t e m
Range Statistics    SOLVE vyroba Using LP From line 110


RANGE STATISTICS (ABSOLUTE NON-ZERO FINITE VALUES)

RHS       [min, max] : [ 2.000E+01, 4.500E+03] - Zero values observed as well
Bound     [min, max] : [ 4.000E+01, 1.000E+03] - Zero values observed as well
Matrix    [min, max] : [ 1.000E+00, 1.500E+02]

GAMS 49.1.0  5c4d4ed6 Feb 15, 2025          WEX-WEI x86 64bit/MS Windows - 04/29/25 19:11:02 Page 23
G e n e r a l   A l g e b r a i c   M o d e l i n g   S y s t e m
Model Statistics    SOLVE vyroba Using LP From line 110


LOOPS                                    s   3


MODEL STATISTICS

BLOCKS OF EQUATIONS           5     SINGLE EQUATIONS           15
BLOCKS OF VARIABLES           4     SINGLE VARIABLES           12
NON ZERO ELEMENTS            45


GENERATION TIME      =        0.000 SECONDS      4 MB  49.1.0 5c4d4ed6 WEX-WEI
               L O O P S                  s 3

GAMS 49.1.0  5c4d4ed6 Feb 15, 2025          WEX-WEI x86 64bit/MS Windows - 04/29/25 19:11:02 Page 24
G e n e r a l   A l g e b r a i c   M o d e l i n g   S y s t e m
Solution Report     SOLVE vyroba Using LP From line 110


               S O L V E      S U M M A R Y

     MODEL   vyroba              OBJECTIVE  z
     TYPE    LP                  DIRECTION  MAXIMIZE
     SOLVER  CPLEX               FROM LINE  110

**** SOLVER STATUS     1 Normal Completion
**** MODEL STATUS      1 Optimal
**** OBJECTIVE VALUE            18611.3402

 RESOURCE USAGE, LIMIT          0.016 10000000000.000
 ITERATION COUNT, LIMIT         0    2147483647
*** This solver runs with a demo license. No commercial use.
--- GMO setup time: 0.00s
--- GMO memory 0.50 Mb (peak 0.50 Mb)
--- Dictionary memory 0.00 Mb
--- Cplex 22.1.2.0 link memory 0.00 Mb (peak 0.00 Mb)
--- Starting Cplex


--- LP status (1): optimal.
--- Cplex Time: 0.02sec (det. 0.02 ticks)


Optimal solution found
Objective:        18611.340206


                           LOWER          LEVEL          UPPER         MARGINAL

---- EQU ucelfce             .              .              .             1.0000      

---- EQU omez0  

         LOWER          LEVEL          UPPER         MARGINAL

1      4000.0000      4000.0000      4000.0000         EPS         
2      3000.0000      3000.0000      3000.0000        20.0000      
3      4500.0000      4500.0000      4500.0000         EPS         
4      3000.0000      3000.0000      3000.0000         EPS         

---- EQU omez1  

         LOWER          LEVEL          UPPER         MARGINAL

1      1000.0000      3854.6392        +INF             .          
2      1500.0000      3075.2577        +INF             .          
3      4000.0000      4395.8763        +INF             .          
4       800.0000      2730.3093        +INF             .          

---- EQU omez2  

         LOWER          LEVEL          UPPER         MARGINAL

1        -INF           49.2784       100.0000          .          
2        -INF           40.0000       100.0000          .          
3        -INF           47.4227       100.0000          .          

---- EQU omez3  

         LOWER          LEVEL          UPPER         MARGINAL

1        20.0000        49.2784        +INF             .          
2        40.0000        40.0000        +INF             .          
3        20.0000        47.4227        +INF             .          

                           LOWER          LEVEL          UPPER         MARGINAL

---- VAR z                 -INF        18611.3402        +INF             .          

---- VAR x  

         LOWER          LEVEL          UPPER         MARGINAL

1        49.2784        49.2784        49.2784      -355.0000      
2        40.0000        40.0000        40.0000      -250.0000      
3        47.4227        47.4227        47.4227      -293.0000      

---- VAR yp  

         LOWER          LEVEL          UPPER         MARGINAL

1          .           145.3608      1000.0000          .          
2          .              .          1000.0000       -20.0000      
3          .           104.1237      1000.0000          .          
4          .           269.6907      1000.0000          .          

---- VAR ym  

         LOWER          LEVEL          UPPER         MARGINAL

1          .              .          1000.0000       -40.0000      
2          .            75.2577      1000.0000          .          
3          .              .          1000.0000       -10.0000      
4          .              .          1000.0000         EPS         


**** REPORT SUMMARY :        0     NONOPT
                             0 INFEASIBLE
                             0  UNBOUNDED
GAMS 49.1.0  5c4d4ed6 Feb 15, 2025          WEX-WEI x86 64bit/MS Windows - 04/29/25 19:11:02 Page 25
G e n e r a l   A l g e b r a i c   M o d e l i n g   S y s t e m
E x e c u t i o n


----    111 VARIABLE z.L                   =    18611.340  

----    111 VARIABLE x.L  

1 49.278,    2 40.000,    3 47.423


**** REPORT FILE SUMMARY

out C:\projekt\TS\vysledky.txt


EXECUTION TIME       =        0.156 SECONDS      4 MB  49.1.0 5c4d4ed6 WEX-WEI


USER: GAMS Demo, for EULA and demo limitations see   G250131/0001CB-GEN
      https://www.gams.com/latest/docs/UG%5FLicense.html         DC0000


**** FILE SUMMARY

Input      C:\projekt\TS\TS_EV.gms
Output     C:\projekt\TS\TS_EV.lst
