GAMS 49.1.0  5c4d4ed6 Feb 15, 2025          WEX-WEI x86 64bit/MS Windows - 04/29/25 19:08:45 Page 1
G e n e r a l   A l g e b r a i c   M o d e l i n g   S y s t e m
C o m p i l a t i o n


   3  set i /1 * 4/; #stlpce x
   4  set j /1 * 3/; #riadky y
   5  set s / 1 * 3/;
   6  scalar EzWS, varzWS, szWS;
   7  parameter
   8      b_UP /1 4000,2 3000,3 4500,4 3000/, #Horna hranica suctu v riadku
   9      b_DOWN /1 1000,2 1500,3 4000,4 800/, #Dolna hranica suctu v riadku
  10      x_UP /1 100,2 100,3 100/, # Horna hranica x
  11      x_DOWN /1 20,2 40,3 20/, # Dolna hranica x
  12      qp(i) / 1 0, 2 0, 3 0 /,
  13      qm(i) / 1 10,2 20, 3 30 /, #Naklady na zdroje navic -> TODO: Opytat sa teamu
  14      qms(i,s) "naklad na zdroje navic"  /1.1 10, 2.1 20, 3.1 30,
  15                                          1.2 20, 2.2 30, 3.2 10,
  16                                          1.3 40, 2.3 20, 3.3 10/,
  17      qps(i,s) "naklad na zdroje navic"  /1.1 0, 2.1 0, 3.1 0,
  18                                          1.2 0, 2.2 0, 3.2 0,
  19                                          1.3 0, 2.3 0, 3.3 0/,
  20      c(j) /1 145, 2 150, 3 147/
  21      p(s) /1 0.35,2 0.35,3 0.3/,
  22      as(i,j,s)
  23      /1.1.1 30, 1.2.1 28, 1.3.1 27,
  24      2.1.1 22, 2.2.1 23, 2.3.1 21,
  25      3.1.1 31, 3.2.1 34, 3.3.1 34,
  26      4.1.1 24, 4.2.1 20, 4.3.1 24,
  27      1.1.2 30, 1.2.2 27, 1.3.2 26,
  28      2.1.2 22, 2.2.2 23, 2.3.2 21,
  29      3.1.2 31, 3.2.2 35, 3.3.2 34,
  30      4.1.2 23, 4.2.2 21, 4.3.2 22,
  31      1.1.3 25, 1.2.3 30, 1.3.3 30,
  32      2.1.3 25, 2.2.3 20, 2.3.3 22,
  33      3.1.3 30, 3.2.3 35, 3.3.3 32,
  34      4.1.3 18, 4.2.3 20,4.3.3 22/,
  35      zWSmax(s),
  36      xWSmax(j,s);
  37  table a(i,j)
  38      1   2   3
  39  1   30  28  27
  40  2   22  23  21
  41  3   31  34  34
  42  4   24  20  24;
  43  Variable z;
  44  Positive Variables x(j),yp(i),ym(i);
  45  Equations ucelfce, omez0(i), omez1(i), omez2(j), omez3(j);
  46  ucelfce..           z =E= sum(j, c(j) * x(j)) - sum(i, qm(i)*ym(i) + qp(i)*yp(i));
  47  omez0(i)..          sum( j, a(i,j) * x(j) ) + yp(i) - ym(i) =E= b_UP(i);
  48  omez1(i)..          sum( j, a(i,j) * x(j) ) =G= b_DOWN(i);
  49  omez2(j)..          x(j) =L= x_UP(j);
  50  omez3(j)..          x(j) =G= x_DOWN(j);
  51  model vyroba / ucelfce, omez0, omez1, omez2, omez3 /;
  52  yp.UP(i) = 100;
  53  ym.UP(i) = 100;
  54  solve vyroba maximizing z using LP;
  55  display z.L, x.L;
  56  file out / "vysledky.txt" /;
  57  put out;
  58  put "Vysledky a vstupy:" /;
  59  put "==================" / /;
  60  put "s":3, "p(s)":6, "opt?":7, "num?":7, "z_max":12;
  61  loop(j, put "x(" , j.tl:0 , ")":10;);
  62  loop(i, put "b_UP(" , i.tl:0 , ")":10;);
  63  loop(i, put "b_DN(" , i.tl:0 , ")":10;);
  64  loop(j, put "x_UP(" , j.tl:0 , ")":10;);
  65  loop(j, put "x_DN(" , j.tl:0 , ")":10;);
  66  loop(i, loop(j, put "a(" , i.tl:0 , "," , j.tl:0 , ")":10;););
  67  loop(i,
  68          put " qp(", i.TL:1, ")":11;
  69      );
  70  loop(i, put " qm(", i.TL:1, ")":11;);
  71  put /;
  72  loop(s,
  73      a(i,j) = as(i,j,s);
  74      qp(i) = qps(i,s);
  75      qm(i) = qms(i,s);
  76      solve vyroba maximizing z using LP;
  77      display z.L, x.L;
  78      zWSmax(s) = z.L;
  79      If(vyroba.modelstat EQ 4, zWSmax(s) = -INF;);
  80      xWSmax(j,s) = x.L(j);
  81      put s.tl:3, p(s):5:3, vyroba.modelstat:3:0, vyroba.solvestat:7:0, z.L:11:2;
  82      loop(j,
  83          put x.L(j):11:2;
  84          put "":1;
  85          put$(ord(j)=1) "":1;
  86          put$(ord(j)=2) "":1;
  87      );
  88      loop(i,
  89          put b_UP(i):14:2;
  90          put$(ord(i)=1) "":2;
  91          put$(ord(i)=2) "":2;
  92          put$(ord(i)=3) "":2;
  93      );
  94      loop(i, put b_DOWN(i):16:2;);
  95      loop(j, put x_UP(j):16:2;);
  96      loop(j, put x_DOWN(j):16:2;);
  97      loop(i, loop(j, put a(i,j):15:2;););
  98      loop(i,
  99          put qp(i):15:2;
 100          put$(ord(i)=1) "":1;
 101          put$(ord(i)=2) "":1;
 102          put$(ord(i)=3) "":1;
 103      );
 104      loop(i,put qm(i):16:2;);
 105      put /;
 106  );
 107   
 108  EzWS   = sum(s,p(s) * zWSmax(s) );
 109  put "EzWS=", EzWS:12:2 /;
 110  If((vyroba.modelstat EQ 1) OR (vyroba.modelstat EQ 2),
 111      varzWS = sum(s,p(s) * zWSmax(s) * zWSmax(s) ) - EzWS * EzWS;);
 112  If(vyroba.modelstat EQ 4,
 113      varzWS = UNDF;);
 114  put "varzWS=", varzWS:10:2 /;
 115  szWS   = sqrt(varzWS);
 116  put "stdzWS=", szWS:10:2 /;


COMPILATION TIME     =        0.000 SECONDS      3 MB  49.1.0 5c4d4ed6 WEX-WEI
GAMS 49.1.0  5c4d4ed6 Feb 15, 2025          WEX-WEI x86 64bit/MS Windows - 04/29/25 19:08:45 Page 2
G e n e r a l   A l g e b r a i c   M o d e l i n g   S y s t e m
Equation Listing    SOLVE vyroba Using LP From line 54


---- ucelfce  =E=  

ucelfce..  z - 145*x(1) - 150*x(2) - 147*x(3) + 10*ym(1) + 20*ym(2) + 30*ym(3) =E= 0 ; (LHS = 0)
     

---- omez0  =E=  

omez0(1)..  30*x(1) + 28*x(2) + 27*x(3) + yp(1) - ym(1) =E= 4000 ; (LHS = 0, INFES = 4000 ****)
     
omez0(2)..  22*x(1) + 23*x(2) + 21*x(3) + yp(2) - ym(2) =E= 3000 ; (LHS = 0, INFES = 3000 ****)
     
omez0(3)..  31*x(1) + 34*x(2) + 34*x(3) + yp(3) - ym(3) =E= 4500 ; (LHS = 0, INFES = 4500 ****)
     
REMAINING ENTRY SKIPPED


---- omez1  =G=  

omez1(1)..  30*x(1) + 28*x(2) + 27*x(3) =G= 1000 ; (LHS = 0, INFES = 1000 ****)
     
omez1(2)..  22*x(1) + 23*x(2) + 21*x(3) =G= 1500 ; (LHS = 0, INFES = 1500 ****)
     
omez1(3)..  31*x(1) + 34*x(2) + 34*x(3) =G= 4000 ; (LHS = 0, INFES = 4000 ****)
     
REMAINING ENTRY SKIPPED


---- omez2  =L=  

omez2(1)..  x(1) =L= 100 ; (LHS = 0)
     
omez2(2)..  x(2) =L= 100 ; (LHS = 0)
     
omez2(3)..  x(3) =L= 100 ; (LHS = 0)
     

---- omez3  =G=  

omez3(1)..  x(1) =G= 20 ; (LHS = 0, INFES = 20 ****)
     
omez3(2)..  x(2) =G= 40 ; (LHS = 0, INFES = 40 ****)
     
omez3(3)..  x(3) =G= 20 ; (LHS = 0, INFES = 20 ****)
     
GAMS 49.1.0  5c4d4ed6 Feb 15, 2025          WEX-WEI x86 64bit/MS Windows - 04/29/25 19:08:45 Page 3
G e n e r a l   A l g e b r a i c   M o d e l i n g   S y s t e m
Column Listing      SOLVE vyroba Using LP From line 54


---- z  

z
                (.LO, .L, .UP, .M = -INF, 0, +INF, 0)
        1       ucelfce


---- x  

x(1)
                (.LO, .L, .UP, .M = 0, 0, +INF, 0)
     -145       ucelfce
       30       omez0(1)
       22       omez0(2)
       31       omez0(3)
       24       omez0(4)
       30       omez1(1)
       22       omez1(2)
       31       omez1(3)
       24       omez1(4)
        1       omez2(1)
        1       omez3(1)

x(2)
                (.LO, .L, .UP, .M = 0, 0, +INF, 0)
     -150       ucelfce
       28       omez0(1)
       23       omez0(2)
       34       omez0(3)
       20       omez0(4)
       28       omez1(1)
       23       omez1(2)
       34       omez1(3)
       20       omez1(4)
        1       omez2(2)
        1       omez3(2)

x(3)
                (.LO, .L, .UP, .M = 0, 0, +INF, 0)
     -147       ucelfce
       27       omez0(1)
       21       omez0(2)
       34       omez0(3)
       24       omez0(4)
       27       omez1(1)
       21       omez1(2)
       34       omez1(3)
       24       omez1(4)
        1       omez2(3)
        1       omez3(3)


---- yp  

yp(1)
                (.LO, .L, .UP, .M = 0, 0, 100, 0)
        1       omez0(1)

yp(2)
                (.LO, .L, .UP, .M = 0, 0, 100, 0)
        1       omez0(2)

yp(3)
                (.LO, .L, .UP, .M = 0, 0, 100, 0)
        1       omez0(3)

REMAINING ENTRY SKIPPED

---- ym  

ym(1)
                (.LO, .L, .UP, .M = 0, 0, 100, 0)
       10       ucelfce
       -1       omez0(1)

ym(2)
                (.LO, .L, .UP, .M = 0, 0, 100, 0)
       20       ucelfce
       -1       omez0(2)

ym(3)
                (.LO, .L, .UP, .M = 0, 0, 100, 0)
       30       ucelfce
       -1       omez0(3)

REMAINING ENTRY SKIPPED
GAMS 49.1.0  5c4d4ed6 Feb 15, 2025          WEX-WEI x86 64bit/MS Windows - 04/29/25 19:08:45 Page 4
G e n e r a l   A l g e b r a i c   M o d e l i n g   S y s t e m
Range Statistics    SOLVE vyroba Using LP From line 54


RANGE STATISTICS (ABSOLUTE NON-ZERO FINITE VALUES)

RHS       [min, max] : [ 2.000E+01, 4.500E+03] - Zero values observed as well
Bound     [min, max] : [ 1.000E+02, 1.000E+02] - Zero values observed as well
Matrix    [min, max] : [ 1.000E+00, 1.500E+02]

GAMS 49.1.0  5c4d4ed6 Feb 15, 2025          WEX-WEI x86 64bit/MS Windows - 04/29/25 19:08:45 Page 5
G e n e r a l   A l g e b r a i c   M o d e l i n g   S y s t e m
Model Statistics    SOLVE vyroba Using LP From line 54


MODEL STATISTICS

BLOCKS OF EQUATIONS           5     SINGLE EQUATIONS           15
BLOCKS OF VARIABLES           4     SINGLE VARIABLES           12
NON ZERO ELEMENTS            45


GENERATION TIME      =        0.000 SECONDS      4 MB  49.1.0 5c4d4ed6 WEX-WEI
GAMS 49.1.0  5c4d4ed6 Feb 15, 2025          WEX-WEI x86 64bit/MS Windows - 04/29/25 19:08:45 Page 6
G e n e r a l   A l g e b r a i c   M o d e l i n g   S y s t e m
Solution Report     SOLVE vyroba Using LP From line 54


               S O L V E      S U M M A R Y

     MODEL   vyroba              OBJECTIVE  z
     TYPE    LP                  DIRECTION  MAXIMIZE
     SOLVER  CPLEX               FROM LINE  54

**** SOLVER STATUS     1 Normal Completion
**** MODEL STATUS      1 Optimal
**** OBJECTIVE VALUE            19987.5000

 RESOURCE USAGE, LIMIT          0.000 10000000000.000
 ITERATION COUNT, LIMIT         4    2147483647
*** This solver runs with a demo license. No commercial use.
--- GMO setup time: 0.00s
--- GMO memory 0.50 Mb (peak 0.50 Mb)
--- Dictionary memory 0.00 Mb
--- Cplex 22.1.2.0 link memory 0.00 Mb (peak 0.00 Mb)
--- Starting Cplex


--- LP status (1): optimal.
--- Cplex Time: 0.00sec (det. 0.03 ticks)


Optimal solution found
Objective:        19987.500000


                           LOWER          LEVEL          UPPER         MARGINAL

---- EQU ucelfce             .              .              .             1.0000      

---- EQU omez0  

         LOWER          LEVEL          UPPER         MARGINAL

1      4000.0000      4000.0000      4000.0000        -3.5000      
2      3000.0000      3000.0000      3000.0000         8.5000      
3      4500.0000      4500.0000      4500.0000         EPS         
4      3000.0000      3000.0000      3000.0000         2.6250      

---- EQU omez1  

         LOWER          LEVEL          UPPER         MARGINAL

1      1000.0000      3900.0000        +INF             .          
2      1500.0000      3000.0000        +INF             .          
3      4000.0000      4435.9848        +INF             .          
4       800.0000      3100.0000        +INF             .          

---- EQU omez2  

         LOWER          LEVEL          UPPER         MARGINAL

1        -INF           62.5000       100.0000          .          
2        -INF           40.9091       100.0000          .          
3        -INF           32.5758       100.0000          .          

---- EQU omez3  

         LOWER          LEVEL          UPPER         MARGINAL

1        20.0000        62.5000        +INF             .          
2        40.0000        40.9091        +INF             .          
3        20.0000        32.5758        +INF             .          

                           LOWER          LEVEL          UPPER         MARGINAL

---- VAR z                 -INF        19987.5000        +INF             .          

---- VAR x  

         LOWER          LEVEL          UPPER         MARGINAL

1          .            62.5000        +INF             .          
2          .            40.9091        +INF             .          
3          .            32.5758        +INF             .          

---- VAR yp  

         LOWER          LEVEL          UPPER         MARGINAL

1          .           100.0000       100.0000         3.5000      
2          .              .           100.0000        -8.5000      
3          .            64.0152       100.0000          .          
4          .              .           100.0000        -2.6250      

---- VAR ym  

         LOWER          LEVEL          UPPER         MARGINAL

1          .              .           100.0000       -13.5000      
2          .              .           100.0000       -11.5000      
3          .              .           100.0000       -30.0000      
4          .           100.0000       100.0000         2.6250      


**** REPORT SUMMARY :        0     NONOPT
                             0 INFEASIBLE
                             0  UNBOUNDED
GAMS 49.1.0  5c4d4ed6 Feb 15, 2025          WEX-WEI x86 64bit/MS Windows - 04/29/25 19:08:45 Page 7
G e n e r a l   A l g e b r a i c   M o d e l i n g   S y s t e m
E x e c u t i o n


----     55 VARIABLE z.L                   =    19987.500  

----     55 VARIABLE x.L  

1 62.500,    2 40.909,    3 32.576

GAMS 49.1.0  5c4d4ed6 Feb 15, 2025          WEX-WEI x86 64bit/MS Windows - 04/29/25 19:08:45 Page 8
G e n e r a l   A l g e b r a i c   M o d e l i n g   S y s t e m
Equation Listing    SOLVE vyroba Using LP From line 76


---- ucelfce  =E=  

ucelfce..  z - 145*x(1) - 150*x(2) - 147*x(3) + 10*ym(1) + 20*ym(2) + 30*ym(3) =E= 0 ; (LHS = 0)
     

---- omez0  =E=  

omez0(1)..  30*x(1) + 28*x(2) + 27*x(3) + yp(1) - ym(1) =E= 4000 ; (LHS = 4000)
     
omez0(2)..  22*x(1) + 23*x(2) + 21*x(3) + yp(2) - ym(2) =E= 3000 ; (LHS = 3000)
     
omez0(3)..  31*x(1) + 34*x(2) + 34*x(3) + yp(3) - ym(3) =E= 4500 ; (LHS = 4500)
     
REMAINING ENTRY SKIPPED


---- omez1  =G=  

omez1(1)..  30*x(1) + 28*x(2) + 27*x(3) =G= 1000 ; (LHS = 3900)
     
omez1(2)..  22*x(1) + 23*x(2) + 21*x(3) =G= 1500 ; (LHS = 3000)
     
omez1(3)..  31*x(1) + 34*x(2) + 34*x(3) =G= 4000 ; (LHS = 4435.98484848485)
     
REMAINING ENTRY SKIPPED


---- omez2  =L=  

omez2(1)..  x(1) =L= 100 ; (LHS = 62.5)
     
omez2(2)..  x(2) =L= 100 ; (LHS = 40.9090909090909)
     
omez2(3)..  x(3) =L= 100 ; (LHS = 32.5757575757576)
     

---- omez3  =G=  

omez3(1)..  x(1) =G= 20 ; (LHS = 62.5)
     
omez3(2)..  x(2) =G= 40 ; (LHS = 40.9090909090909)
     
omez3(3)..  x(3) =G= 20 ; (LHS = 32.5757575757576)
     
GAMS 49.1.0  5c4d4ed6 Feb 15, 2025          WEX-WEI x86 64bit/MS Windows - 04/29/25 19:08:45 Page 9
G e n e r a l   A l g e b r a i c   M o d e l i n g   S y s t e m
Column Listing      SOLVE vyroba Using LP From line 76


---- z  

z
                (.LO, .L, .UP, .M = -INF, 19987.5, +INF, 0)
        1       ucelfce


---- x  

x(1)
                (.LO, .L, .UP, .M = 0, 62.5, +INF, 0)
     -145       ucelfce
       30       omez0(1)
       22       omez0(2)
       31       omez0(3)
       24       omez0(4)
       30       omez1(1)
       22       omez1(2)
       31       omez1(3)
       24       omez1(4)
        1       omez2(1)
        1       omez3(1)

x(2)
                (.LO, .L, .UP, .M = 0, 40.9090909090909, +INF, 0)
     -150       ucelfce
       28       omez0(1)
       23       omez0(2)
       34       omez0(3)
       20       omez0(4)
       28       omez1(1)
       23       omez1(2)
       34       omez1(3)
       20       omez1(4)
        1       omez2(2)
        1       omez3(2)

x(3)
                (.LO, .L, .UP, .M = 0, 32.5757575757576, +INF, 0)
     -147       ucelfce
       27       omez0(1)
       21       omez0(2)
       34       omez0(3)
       24       omez0(4)
       27       omez1(1)
       21       omez1(2)
       34       omez1(3)
       24       omez1(4)
        1       omez2(3)
        1       omez3(3)


---- yp  

yp(1)
                (.LO, .L, .UP, .M = 0, 100, 100, 3.5)
        1       omez0(1)

yp(2)
                (.LO, .L, .UP, .M = 0, 0, 100, -8.5)
        1       omez0(2)

yp(3)
                (.LO, .L, .UP, .M = 0, 64.015151515152, 100, 0)
        1       omez0(3)

REMAINING ENTRY SKIPPED

---- ym  

ym(1)
                (.LO, .L, .UP, .M = 0, 0, 100, -13.5)
       10       ucelfce
       -1       omez0(1)

ym(2)
                (.LO, .L, .UP, .M = 0, 0, 100, -11.5)
       20       ucelfce
       -1       omez0(2)

ym(3)
                (.LO, .L, .UP, .M = 0, 0, 100, -30)
       30       ucelfce
       -1       omez0(3)

REMAINING ENTRY SKIPPED
GAMS 49.1.0  5c4d4ed6 Feb 15, 2025          WEX-WEI x86 64bit/MS Windows - 04/29/25 19:08:45 Page 10
G e n e r a l   A l g e b r a i c   M o d e l i n g   S y s t e m
Range Statistics    SOLVE vyroba Using LP From line 76


RANGE STATISTICS (ABSOLUTE NON-ZERO FINITE VALUES)

RHS       [min, max] : [ 2.000E+01, 4.500E+03] - Zero values observed as well
Bound     [min, max] : [ 1.000E+02, 1.000E+02] - Zero values observed as well
Matrix    [min, max] : [ 1.000E+00, 1.500E+02]

GAMS 49.1.0  5c4d4ed6 Feb 15, 2025          WEX-WEI x86 64bit/MS Windows - 04/29/25 19:08:45 Page 11
G e n e r a l   A l g e b r a i c   M o d e l i n g   S y s t e m
Model Statistics    SOLVE vyroba Using LP From line 76


LOOPS                                    s   1


MODEL STATISTICS

BLOCKS OF EQUATIONS           5     SINGLE EQUATIONS           15
BLOCKS OF VARIABLES           4     SINGLE VARIABLES           12
NON ZERO ELEMENTS            45


GENERATION TIME      =        0.000 SECONDS      4 MB  49.1.0 5c4d4ed6 WEX-WEI
               L O O P S                  s 1

GAMS 49.1.0  5c4d4ed6 Feb 15, 2025          WEX-WEI x86 64bit/MS Windows - 04/29/25 19:08:45 Page 12
G e n e r a l   A l g e b r a i c   M o d e l i n g   S y s t e m
Solution Report     SOLVE vyroba Using LP From line 76


               S O L V E      S U M M A R Y

     MODEL   vyroba              OBJECTIVE  z
     TYPE    LP                  DIRECTION  MAXIMIZE
     SOLVER  CPLEX               FROM LINE  76

**** SOLVER STATUS     1 Normal Completion
**** MODEL STATUS      1 Optimal
**** OBJECTIVE VALUE            19987.5000

 RESOURCE USAGE, LIMIT          0.000 10000000000.000
 ITERATION COUNT, LIMIT         0    2147483647
*** This solver runs with a demo license. No commercial use.
--- GMO setup time: 0.00s
--- GMO memory 0.50 Mb (peak 0.50 Mb)
--- Dictionary memory 0.00 Mb
--- Cplex 22.1.2.0 link memory 0.00 Mb (peak 0.00 Mb)
--- Starting Cplex


--- LP status (1): optimal.
--- Cplex Time: 0.00sec (det. 0.03 ticks)


Optimal solution found
Objective:        19987.500000


                           LOWER          LEVEL          UPPER         MARGINAL

---- EQU ucelfce             .              .              .             1.0000      

---- EQU omez0  

         LOWER          LEVEL          UPPER         MARGINAL

1      4000.0000      4000.0000      4000.0000        -3.5000      
2      3000.0000      3000.0000      3000.0000         8.5000      
3      4500.0000      4500.0000      4500.0000         EPS         
4      3000.0000      3000.0000      3000.0000         2.6250      

---- EQU omez1  

         LOWER          LEVEL          UPPER         MARGINAL

1      1000.0000      3900.0000        +INF             .          
2      1500.0000      3000.0000        +INF             .          
3      4000.0000      4435.9848        +INF             .          
4       800.0000      3100.0000        +INF             .          

---- EQU omez2  

         LOWER          LEVEL          UPPER         MARGINAL

1        -INF           62.5000       100.0000          .          
2        -INF           40.9091       100.0000          .          
3        -INF           32.5758       100.0000          .          

---- EQU omez3  

         LOWER          LEVEL          UPPER         MARGINAL

1        20.0000        62.5000        +INF             .          
2        40.0000        40.9091        +INF             .          
3        20.0000        32.5758        +INF             .          

                           LOWER          LEVEL          UPPER         MARGINAL

---- VAR z                 -INF        19987.5000        +INF             .          

---- VAR x  

         LOWER          LEVEL          UPPER         MARGINAL

1          .            62.5000        +INF             .          
2          .            40.9091        +INF             .          
3          .            32.5758        +INF             .          

---- VAR yp  

         LOWER          LEVEL          UPPER         MARGINAL

1          .           100.0000       100.0000         3.5000      
2          .              .           100.0000        -8.5000      
3          .            64.0152       100.0000          .          
4          .              .           100.0000        -2.6250      

---- VAR ym  

         LOWER          LEVEL          UPPER         MARGINAL

1          .              .           100.0000       -13.5000      
2          .              .           100.0000       -11.5000      
3          .              .           100.0000       -30.0000      
4          .           100.0000       100.0000         2.6250      


**** REPORT SUMMARY :        0     NONOPT
                             0 INFEASIBLE
                             0  UNBOUNDED
GAMS 49.1.0  5c4d4ed6 Feb 15, 2025          WEX-WEI x86 64bit/MS Windows - 04/29/25 19:08:45 Page 13
G e n e r a l   A l g e b r a i c   M o d e l i n g   S y s t e m
E x e c u t i o n


----     77 VARIABLE z.L                   =    19987.500  

----     77 VARIABLE x.L  

1 62.500,    2 40.909,    3 32.576

GAMS 49.1.0  5c4d4ed6 Feb 15, 2025          WEX-WEI x86 64bit/MS Windows - 04/29/25 19:08:45 Page 14
G e n e r a l   A l g e b r a i c   M o d e l i n g   S y s t e m
Equation Listing    SOLVE vyroba Using LP From line 76


---- ucelfce  =E=  

ucelfce..  z - 145*x(1) - 150*x(2) - 147*x(3) + 20*ym(1) + 30*ym(2) + 10*ym(3) =E= 0 ; (LHS = 0)
     

---- omez0  =E=  

omez0(1)..  30*x(1) + 27*x(2) + 26*x(3) + yp(1) - ym(1) =E= 4000 ; (LHS = 3926.51515151515, INFES = 73.4848484848485 ****)
     
omez0(2)..  22*x(1) + 23*x(2) + 21*x(3) + yp(2) - ym(2) =E= 3000 ; (LHS = 3000)
     
omez0(3)..  31*x(1) + 35*x(2) + 34*x(3) + yp(3) - ym(3) =E= 4500 ; (LHS = 4540.90909090909, INFES = 40.909090909091 ****)
     
REMAINING ENTRY SKIPPED


---- omez1  =G=  

omez1(1)..  30*x(1) + 27*x(2) + 26*x(3) =G= 1000 ; (LHS = 3826.51515151515)
     
omez1(2)..  22*x(1) + 23*x(2) + 21*x(3) =G= 1500 ; (LHS = 3000)
     
omez1(3)..  31*x(1) + 35*x(2) + 34*x(3) =G= 4000 ; (LHS = 4476.89393939394)
     
REMAINING ENTRY SKIPPED


---- omez2  =L=  

omez2(1)..  x(1) =L= 100 ; (LHS = 62.5)
     
omez2(2)..  x(2) =L= 100 ; (LHS = 40.9090909090909)
     
omez2(3)..  x(3) =L= 100 ; (LHS = 32.5757575757576)
     

---- omez3  =G=  

omez3(1)..  x(1) =G= 20 ; (LHS = 62.5)
     
omez3(2)..  x(2) =G= 40 ; (LHS = 40.9090909090909)
     
omez3(3)..  x(3) =G= 20 ; (LHS = 32.5757575757576)
     
GAMS 49.1.0  5c4d4ed6 Feb 15, 2025          WEX-WEI x86 64bit/MS Windows - 04/29/25 19:08:45 Page 15
G e n e r a l   A l g e b r a i c   M o d e l i n g   S y s t e m
Column Listing      SOLVE vyroba Using LP From line 76


---- z  

z
                (.LO, .L, .UP, .M = -INF, 19987.5, +INF, 0)
        1       ucelfce


---- x  

x(1)
                (.LO, .L, .UP, .M = 0, 62.5, +INF, 0)
     -145       ucelfce
       30       omez0(1)
       22       omez0(2)
       31       omez0(3)
       23       omez0(4)
       30       omez1(1)
       22       omez1(2)
       31       omez1(3)
       23       omez1(4)
        1       omez2(1)
        1       omez3(1)

x(2)
                (.LO, .L, .UP, .M = 0, 40.9090909090909, +INF, 0)
     -150       ucelfce
       27       omez0(1)
       23       omez0(2)
       35       omez0(3)
       21       omez0(4)
       27       omez1(1)
       23       omez1(2)
       35       omez1(3)
       21       omez1(4)
        1       omez2(2)
        1       omez3(2)

x(3)
                (.LO, .L, .UP, .M = 0, 32.5757575757576, +INF, 0)
     -147       ucelfce
       26       omez0(1)
       21       omez0(2)
       34       omez0(3)
       22       omez0(4)
       26       omez1(1)
       21       omez1(2)
       34       omez1(3)
       22       omez1(4)
        1       omez2(3)
        1       omez3(3)


---- yp  

yp(1)
                (.LO, .L, .UP, .M = 0, 100, 100, 3.5)
        1       omez0(1)

yp(2)
                (.LO, .L, .UP, .M = 0, 0, 100, -8.5)
        1       omez0(2)

yp(3)
                (.LO, .L, .UP, .M = 0, 64.015151515152, 100, 0)
        1       omez0(3)

REMAINING ENTRY SKIPPED

---- ym  

ym(1)
                (.LO, .L, .UP, .M = 0, 0, 100, -13.5)
       20       ucelfce
       -1       omez0(1)

ym(2)
                (.LO, .L, .UP, .M = 0, 0, 100, -11.5)
       30       ucelfce
       -1       omez0(2)

ym(3)
                (.LO, .L, .UP, .M = 0, 0, 100, -30)
       10       ucelfce
       -1       omez0(3)

REMAINING ENTRY SKIPPED
GAMS 49.1.0  5c4d4ed6 Feb 15, 2025          WEX-WEI x86 64bit/MS Windows - 04/29/25 19:08:45 Page 16
G e n e r a l   A l g e b r a i c   M o d e l i n g   S y s t e m
Range Statistics    SOLVE vyroba Using LP From line 76


RANGE STATISTICS (ABSOLUTE NON-ZERO FINITE VALUES)

RHS       [min, max] : [ 2.000E+01, 4.500E+03] - Zero values observed as well
Bound     [min, max] : [ 1.000E+02, 1.000E+02] - Zero values observed as well
Matrix    [min, max] : [ 1.000E+00, 1.500E+02]

GAMS 49.1.0  5c4d4ed6 Feb 15, 2025          WEX-WEI x86 64bit/MS Windows - 04/29/25 19:08:45 Page 17
G e n e r a l   A l g e b r a i c   M o d e l i n g   S y s t e m
Model Statistics    SOLVE vyroba Using LP From line 76


LOOPS                                    s   2


MODEL STATISTICS

BLOCKS OF EQUATIONS           5     SINGLE EQUATIONS           15
BLOCKS OF VARIABLES           4     SINGLE VARIABLES           12
NON ZERO ELEMENTS            45


GENERATION TIME      =        0.000 SECONDS      4 MB  49.1.0 5c4d4ed6 WEX-WEI
               L O O P S                  s 2

GAMS 49.1.0  5c4d4ed6 Feb 15, 2025          WEX-WEI x86 64bit/MS Windows - 04/29/25 19:08:45 Page 18
G e n e r a l   A l g e b r a i c   M o d e l i n g   S y s t e m
Solution Report     SOLVE vyroba Using LP From line 76


               S O L V E      S U M M A R Y

     MODEL   vyroba              OBJECTIVE  z
     TYPE    LP                  DIRECTION  MAXIMIZE
     SOLVER  CPLEX               FROM LINE  76

**** SOLVER STATUS     1 Normal Completion
**** MODEL STATUS      1 Optimal
**** OBJECTIVE VALUE            19256.6667

 RESOURCE USAGE, LIMIT          0.000 10000000000.000
 ITERATION COUNT, LIMIT         8    2147483647
*** This solver runs with a demo license. No commercial use.
--- GMO setup time: 0.00s
--- GMO memory 0.50 Mb (peak 0.50 Mb)
--- Dictionary memory 0.00 Mb
--- Cplex 22.1.2.0 link memory 0.00 Mb (peak 0.00 Mb)
--- Starting Cplex


--- LP status (1): optimal.
--- Cplex Time: 0.00sec (det. 0.04 ticks)


Optimal solution found
Objective:        19256.666667


                           LOWER          LEVEL          UPPER         MARGINAL

---- EQU ucelfce             .              .              .             1.0000      

---- EQU omez0  

         LOWER          LEVEL          UPPER         MARGINAL

1      4000.0000      4000.0000      4000.0000       -17.1667      
2      3000.0000      3000.0000      3000.0000        30.0000      
3      4500.0000      4500.0000      4500.0000         EPS         
4      3000.0000      3000.0000      3000.0000         EPS         

---- EQU omez1  

         LOWER          LEVEL          UPPER         MARGINAL

1      1000.0000      3900.0000        +INF             .          
2      1500.0000      3026.6667        +INF             .          
3      4000.0000      4456.6667        +INF             .          
4       800.0000      3043.3333        +INF             .          

---- EQU omez2  

         LOWER          LEVEL          UPPER         MARGINAL

1        -INF           76.6667       100.0000          .          
2        -INF           40.0000       100.0000          .          
3        -INF           20.0000       100.0000          .          

---- EQU omez3  

         LOWER          LEVEL          UPPER         MARGINAL

1        20.0000        76.6667        +INF             .          
2        40.0000        40.0000        +INF          -76.5000      
3        20.0000        20.0000        +INF          -36.6667      

                           LOWER          LEVEL          UPPER         MARGINAL

---- VAR z                 -INF        19256.6667        +INF             .          

---- VAR x  

         LOWER          LEVEL          UPPER         MARGINAL

1          .            76.6667        +INF             .          
2          .            40.0000        +INF             .          
3          .            20.0000        +INF             .          

---- VAR yp  

         LOWER          LEVEL          UPPER         MARGINAL

1          .           100.0000       100.0000        17.1667      
2          .              .           100.0000       -30.0000      
3          .            43.3333       100.0000          .          
4          .              .           100.0000         EPS         

---- VAR ym  

         LOWER          LEVEL          UPPER         MARGINAL

1          .              .           100.0000       -37.1667      
2          .            26.6667       100.0000          .          
3          .              .           100.0000       -10.0000      
4          .            43.3333       100.0000          .          


**** REPORT SUMMARY :        0     NONOPT
                             0 INFEASIBLE
                             0  UNBOUNDED
GAMS 49.1.0  5c4d4ed6 Feb 15, 2025          WEX-WEI x86 64bit/MS Windows - 04/29/25 19:08:45 Page 19
G e n e r a l   A l g e b r a i c   M o d e l i n g   S y s t e m
E x e c u t i o n


----     77 VARIABLE z.L                   =    19256.667  

----     77 VARIABLE x.L  

1 76.667,    2 40.000,    3 20.000

GAMS 49.1.0  5c4d4ed6 Feb 15, 2025          WEX-WEI x86 64bit/MS Windows - 04/29/25 19:08:45 Page 20
G e n e r a l   A l g e b r a i c   M o d e l i n g   S y s t e m
Equation Listing    SOLVE vyroba Using LP From line 76


---- ucelfce  =E=  

ucelfce..  z - 145*x(1) - 150*x(2) - 147*x(3) + 40*ym(1) + 20*ym(2) + 10*ym(3) =E= 0 ; (LHS = -266.666666666672, INFES = 266.666666666672 ****)
     

---- omez0  =E=  

omez0(1)..  25*x(1) + 30*x(2) + 30*x(3) + yp(1) - ym(1) =E= 4000 ; (LHS = 3816.66666666667, INFES = 183.333333333333 ****)
     
omez0(2)..  25*x(1) + 20*x(2) + 22*x(3) + yp(2) - ym(2) =E= 3000 ; (LHS = 3130, INFES = 130 ****)
     
omez0(3)..  30*x(1) + 35*x(2) + 32*x(3) + yp(3) - ym(3) =E= 4500 ; (LHS = 4383.33333333333, INFES = 116.666666666666 ****)
     
REMAINING ENTRY SKIPPED


---- omez1  =G=  

omez1(1)..  25*x(1) + 30*x(2) + 30*x(3) =G= 1000 ; (LHS = 3716.66666666667)
     
omez1(2)..  25*x(1) + 20*x(2) + 22*x(3) =G= 1500 ; (LHS = 3156.66666666667)
     
omez1(3)..  30*x(1) + 35*x(2) + 32*x(3) =G= 4000 ; (LHS = 4340)
     
REMAINING ENTRY SKIPPED


---- omez2  =L=  

omez2(1)..  x(1) =L= 100 ; (LHS = 76.6666666666667)
     
omez2(2)..  x(2) =L= 100 ; (LHS = 40)
     
omez2(3)..  x(3) =L= 100 ; (LHS = 20)
     

---- omez3  =G=  

omez3(1)..  x(1) =G= 20 ; (LHS = 76.6666666666667)
     
omez3(2)..  x(2) =G= 40 ; (LHS = 40)
     
omez3(3)..  x(3) =G= 20 ; (LHS = 20)
     
GAMS 49.1.0  5c4d4ed6 Feb 15, 2025          WEX-WEI x86 64bit/MS Windows - 04/29/25 19:08:45 Page 21
G e n e r a l   A l g e b r a i c   M o d e l i n g   S y s t e m
Column Listing      SOLVE vyroba Using LP From line 76


---- z  

z
                (.LO, .L, .UP, .M = -INF, 19256.6666666667, +INF, 0)
        1       ucelfce


---- x  

x(1)
                (.LO, .L, .UP, .M = 0, 76.6666666666667, +INF, 0)
     -145       ucelfce
       25       omez0(1)
       25       omez0(2)
       30       omez0(3)
       18       omez0(4)
       25       omez1(1)
       25       omez1(2)
       30       omez1(3)
       18       omez1(4)
        1       omez2(1)
        1       omez3(1)

x(2)
                (.LO, .L, .UP, .M = 0, 40, +INF, 0)
     -150       ucelfce
       30       omez0(1)
       20       omez0(2)
       35       omez0(3)
       20       omez0(4)
       30       omez1(1)
       20       omez1(2)
       35       omez1(3)
       20       omez1(4)
        1       omez2(2)
        1       omez3(2)

x(3)
                (.LO, .L, .UP, .M = 0, 20, +INF, 0)
     -147       ucelfce
       30       omez0(1)
       22       omez0(2)
       32       omez0(3)
       22       omez0(4)
       30       omez1(1)
       22       omez1(2)
       32       omez1(3)
       22       omez1(4)
        1       omez2(3)
        1       omez3(3)


---- yp  

yp(1)
                (.LO, .L, .UP, .M = 0, 100, 100, 17.1666666666667)
        1       omez0(1)

yp(2)
                (.LO, .L, .UP, .M = 0, 0, 100, -30)
        1       omez0(2)

yp(3)
                (.LO, .L, .UP, .M = 0, 43.3333333333335, 100, 0)
        1       omez0(3)

REMAINING ENTRY SKIPPED

---- ym  

ym(1)
                (.LO, .L, .UP, .M = 0, 0, 100, -37.1666666666667)
       40       ucelfce
       -1       omez0(1)

ym(2)
                (.LO, .L, .UP, .M = 0, 26.6666666666665, 100, 0)
       20       ucelfce
       -1       omez0(2)

ym(3)
                (.LO, .L, .UP, .M = 0, 0, 100, -10)
       10       ucelfce
       -1       omez0(3)

REMAINING ENTRY SKIPPED
GAMS 49.1.0  5c4d4ed6 Feb 15, 2025          WEX-WEI x86 64bit/MS Windows - 04/29/25 19:08:45 Page 22
G e n e r a l   A l g e b r a i c   M o d e l i n g   S y s t e m
Range Statistics    SOLVE vyroba Using LP From line 76


RANGE STATISTICS (ABSOLUTE NON-ZERO FINITE VALUES)

RHS       [min, max] : [ 2.000E+01, 4.500E+03] - Zero values observed as well
Bound     [min, max] : [ 1.000E+02, 1.000E+02] - Zero values observed as well
Matrix    [min, max] : [ 1.000E+00, 1.500E+02]

GAMS 49.1.0  5c4d4ed6 Feb 15, 2025          WEX-WEI x86 64bit/MS Windows - 04/29/25 19:08:45 Page 23
G e n e r a l   A l g e b r a i c   M o d e l i n g   S y s t e m
Model Statistics    SOLVE vyroba Using LP From line 76


LOOPS                                    s   3


MODEL STATISTICS

BLOCKS OF EQUATIONS           5     SINGLE EQUATIONS           15
BLOCKS OF VARIABLES           4     SINGLE VARIABLES           12
NON ZERO ELEMENTS            45


GENERATION TIME      =        0.000 SECONDS      4 MB  49.1.0 5c4d4ed6 WEX-WEI
               L O O P S                  s 3

GAMS 49.1.0  5c4d4ed6 Feb 15, 2025          WEX-WEI x86 64bit/MS Windows - 04/29/25 19:08:45 Page 24
G e n e r a l   A l g e b r a i c   M o d e l i n g   S y s t e m
Solution Report     SOLVE vyroba Using LP From line 76


               S O L V E      S U M M A R Y

     MODEL   vyroba              OBJECTIVE  z
     TYPE    LP                  DIRECTION  MAXIMIZE
     SOLVER  CPLEX               FROM LINE  76

**** SOLVER STATUS     1 Normal Completion
**** MODEL STATUS      1 Optimal
**** OBJECTIVE VALUE            16508.1818

 RESOURCE USAGE, LIMIT          0.016 10000000000.000
 ITERATION COUNT, LIMIT         7    2147483647
*** This solver runs with a demo license. No commercial use.
--- GMO setup time: 0.00s
--- GMO memory 0.50 Mb (peak 0.50 Mb)
--- Dictionary memory 0.00 Mb
--- Cplex 22.1.2.0 link memory 0.00 Mb (peak 0.00 Mb)
--- Starting Cplex


--- LP status (1): optimal.
--- Cplex Time: 0.02sec (det. 0.04 ticks)


Optimal solution found
Objective:        16508.181818


                           LOWER          LEVEL          UPPER         MARGINAL

---- EQU ucelfce             .              .              .             1.0000      

---- EQU omez0  

         LOWER          LEVEL          UPPER         MARGINAL

1      4000.0000      4000.0000      4000.0000        40.0000      
2      3000.0000      3000.0000      3000.0000        20.0000      
3      4500.0000      4500.0000      4500.0000        10.0000      
4      3000.0000      3000.0000      3000.0000       -82.4091      

---- EQU omez1  

         LOWER          LEVEL          UPPER         MARGINAL

1      1000.0000      4072.7273        +INF             .          
2      1500.0000      3040.0000        +INF             .          
3      4000.0000      4530.9091        +INF             .          
4       800.0000      2900.0000        +INF             .          

---- EQU omez2  

         LOWER          LEVEL          UPPER         MARGINAL

1        -INF           20.0000       100.0000          .          
2        -INF           40.0000       100.0000          .          
3        -INF           79.0909       100.0000          .          

---- EQU omez3  

         LOWER          LEVEL          UPPER         MARGINAL

1        20.0000        20.0000        +INF         -171.6364      
2        40.0000        40.0000        +INF         -151.8182      
3        20.0000        79.0909        +INF             .          

                           LOWER          LEVEL          UPPER         MARGINAL

---- VAR z                 -INF        16508.1818        +INF             .          

---- VAR x  

         LOWER          LEVEL          UPPER         MARGINAL

1          .            20.0000        +INF             .          
2          .            40.0000        +INF             .          
3          .            79.0909        +INF             .          

---- VAR yp  

         LOWER          LEVEL          UPPER         MARGINAL

1          .              .           100.0000       -40.0000      
2          .              .           100.0000       -20.0000      
3          .              .           100.0000       -10.0000      
4          .           100.0000       100.0000        82.4091      

---- VAR ym  

         LOWER          LEVEL          UPPER         MARGINAL

1          .            72.7273       100.0000          .          
2          .            40.0000       100.0000          .          
3          .            30.9091       100.0000          .          
4          .              .           100.0000       -82.4091      


**** REPORT SUMMARY :        0     NONOPT
                             0 INFEASIBLE
                             0  UNBOUNDED
GAMS 49.1.0  5c4d4ed6 Feb 15, 2025          WEX-WEI x86 64bit/MS Windows - 04/29/25 19:08:45 Page 25
G e n e r a l   A l g e b r a i c   M o d e l i n g   S y s t e m
E x e c u t i o n


----     77 VARIABLE z.L                   =    16508.182  

----     77 VARIABLE x.L  

1 20.000,    2 40.000,    3 79.091


**** REPORT FILE SUMMARY

out C:\projekt\TS\vysledky.txt


EXECUTION TIME       =        0.157 SECONDS      4 MB  49.1.0 5c4d4ed6 WEX-WEI


USER: GAMS Demo, for EULA and demo limitations see   G250131/0001CB-GEN
      https://www.gams.com/latest/docs/UG%5FLicense.html         DC0000


**** FILE SUMMARY

Input      C:\projekt\TS\TS_WS.gms
Output     C:\projekt\TS\TS_WS.lst
